Archive member included because of file (symbol)

c:/program files (x86)/atmel/atmel toolchain/arm gcc/native/4.8.1429/arm-gnu-toolchain/bin/../lib/gcc/arm-none-eabi/4.8.3/armv6-m\libgcc.a(_udivsi3.o)
                              src/ASF/sam0/drivers/sercom/sercom.o (__aeabi_uidiv)
c:/program files (x86)/atmel/atmel toolchain/arm gcc/native/4.8.1429/arm-gnu-toolchain/bin/../lib/gcc/arm-none-eabi/4.8.3/armv6-m\libgcc.a(_dvmd_tls.o)
                              c:/program files (x86)/atmel/atmel toolchain/arm gcc/native/4.8.1429/arm-gnu-toolchain/bin/../lib/gcc/arm-none-eabi/4.8.3/armv6-m\libgcc.a(_udivsi3.o) (__aeabi_idiv0)
c:/program files (x86)/atmel/atmel toolchain/arm gcc/native/4.8.1429/arm-gnu-toolchain/bin/../lib/gcc/arm-none-eabi/4.8.3/armv6-m\libgcc.a(_aeabi_uldivmod.o)
                              src/ASF/sam0/drivers/sercom/sercom.o (__aeabi_uldivmod)
c:/program files (x86)/atmel/atmel toolchain/arm gcc/native/4.8.1429/arm-gnu-toolchain/bin/../lib/gcc/arm-none-eabi/4.8.3/armv6-m\libgcc.a(_muldi3.o)
                              src/ASF/sam0/drivers/sercom/sercom.o (__aeabi_lmul)
c:/program files (x86)/atmel/atmel toolchain/arm gcc/native/4.8.1429/arm-gnu-toolchain/bin/../lib/gcc/arm-none-eabi/4.8.3/armv6-m\libgcc.a(bpabi.o)
                              c:/program files (x86)/atmel/atmel toolchain/arm gcc/native/4.8.1429/arm-gnu-toolchain/bin/../lib/gcc/arm-none-eabi/4.8.3/armv6-m\libgcc.a(_aeabi_uldivmod.o) (__gnu_uldivmod_helper)
c:/program files (x86)/atmel/atmel toolchain/arm gcc/native/4.8.1429/arm-gnu-toolchain/bin/../lib/gcc/arm-none-eabi/4.8.3/armv6-m\libgcc.a(_divdi3.o)
                              c:/program files (x86)/atmel/atmel toolchain/arm gcc/native/4.8.1429/arm-gnu-toolchain/bin/../lib/gcc/arm-none-eabi/4.8.3/armv6-m\libgcc.a(bpabi.o) (__divdi3)
c:/program files (x86)/atmel/atmel toolchain/arm gcc/native/4.8.1429/arm-gnu-toolchain/bin/../lib/gcc/arm-none-eabi/4.8.3/armv6-m\libgcc.a(_udivdi3.o)
                              c:/program files (x86)/atmel/atmel toolchain/arm gcc/native/4.8.1429/arm-gnu-toolchain/bin/../lib/gcc/arm-none-eabi/4.8.3/armv6-m\libgcc.a(bpabi.o) (__udivdi3)
c:/program files (x86)/atmel/atmel toolchain/arm gcc/native/4.8.1429/arm-gnu-toolchain/bin/../lib/gcc/arm-none-eabi/4.8.3/armv6-m\libgcc.a(_clzsi2.o)
                              c:/program files (x86)/atmel/atmel toolchain/arm gcc/native/4.8.1429/arm-gnu-toolchain/bin/../lib/gcc/arm-none-eabi/4.8.3/armv6-m\libgcc.a(_divdi3.o) (__clzsi2)
c:/program files (x86)/atmel/atmel toolchain/arm gcc/native/4.8.1429/arm-gnu-toolchain/bin/../lib/gcc/arm-none-eabi/4.8.3/../../../../arm-none-eabi/lib/armv6-m\libc.a(lib_a-exit.o)
                              c:/program files (x86)/atmel/atmel toolchain/arm gcc/native/4.8.1429/arm-gnu-toolchain/bin/../lib/gcc/arm-none-eabi/4.8.3/../../../../arm-none-eabi/lib/armv6-m/crt0.o (exit)
c:/program files (x86)/atmel/atmel toolchain/arm gcc/native/4.8.1429/arm-gnu-toolchain/bin/../lib/gcc/arm-none-eabi/4.8.3/../../../../arm-none-eabi/lib/armv6-m\libc.a(lib_a-impure.o)
                              c:/program files (x86)/atmel/atmel toolchain/arm gcc/native/4.8.1429/arm-gnu-toolchain/bin/../lib/gcc/arm-none-eabi/4.8.3/../../../../arm-none-eabi/lib/armv6-m\libc.a(lib_a-exit.o) (_global_impure_ptr)
c:/program files (x86)/atmel/atmel toolchain/arm gcc/native/4.8.1429/arm-gnu-toolchain/bin/../lib/gcc/arm-none-eabi/4.8.3/../../../../arm-none-eabi/lib/armv6-m\libc.a(lib_a-init.o)
                              c:/program files (x86)/atmel/atmel toolchain/arm gcc/native/4.8.1429/arm-gnu-toolchain/bin/../lib/gcc/arm-none-eabi/4.8.3/../../../../arm-none-eabi/lib/armv6-m/crt0.o (__libc_init_array)
c:/program files (x86)/atmel/atmel toolchain/arm gcc/native/4.8.1429/arm-gnu-toolchain/bin/../lib/gcc/arm-none-eabi/4.8.3/../../../../arm-none-eabi/lib/armv6-m\libc.a(lib_a-memcpy-stub.o)
                              src/ASF/sam0/drivers/sercom/sercom_interrupt.o (memcpy)
c:/program files (x86)/atmel/atmel toolchain/arm gcc/native/4.8.1429/arm-gnu-toolchain/bin/../lib/gcc/arm-none-eabi/4.8.3/../../../../arm-none-eabi/lib/armv6-m\libc.a(lib_a-memset.o)
                              c:/program files (x86)/atmel/atmel toolchain/arm gcc/native/4.8.1429/arm-gnu-toolchain/bin/../lib/gcc/arm-none-eabi/4.8.3/../../../../arm-none-eabi/lib/armv6-m/crt0.o (memset)
c:/program files (x86)/atmel/atmel toolchain/arm gcc/native/4.8.1429/arm-gnu-toolchain/bin/../lib/gcc/arm-none-eabi/4.8.3/../../../../arm-none-eabi/lib/armv6-m\libc.a(lib_a-printf.o)
                              src/ASF/sam0/utils/syscalls/gcc/syscalls.o (printf)
c:/program files (x86)/atmel/atmel toolchain/arm gcc/native/4.8.1429/arm-gnu-toolchain/bin/../lib/gcc/arm-none-eabi/4.8.3/../../../../arm-none-eabi/lib/armv6-m\libc.a(lib_a-vfprintf.o)
[...]
Memory Configuration

Name             Origin             Length             Attributes
rom              0x00000000         0x00040000         xr
ram              0x20000000         0x00008000         xrw
*default*        0x00000000         0xffffffff

Linker script and memory map

LOAD c:/program files (x86)/atmel/atmel toolchain/arm gcc/native/4.8.1429/arm-gnu-toolchain/bin/../lib/gcc/arm-none-eabi/4.8.3/armv6-m/crti.o
LOAD c:/program files (x86)/atmel/atmel toolchain/arm gcc/native/4.8.1429/arm-gnu-toolchain/bin/../lib/gcc/arm-none-eabi/4.8.3/armv6-m/crtbegin.o
LOAD c:/program files (x86)/atmel/atmel toolchain/arm gcc/native/4.8.1429/arm-gnu-toolchain/bin/../lib/gcc/arm-none-eabi/4.8.3/../../../../arm-none-eabi/lib/armv6-m/crt0.o
LOAD src/ASF/common2/components/memory/serial_flash/at25dfx/at25dfx.o
LOAD src/ASF/common2/services/delay/sam0/cycle_counter.o
LOAD src/ASF/common/utils/interrupt/interrupt_sam_nvic.o
LOAD src/ASF/sam0/boards/samd21_xplained_pro/board_init.o
LOAD src/ASF/sam0/drivers/port/port.o
LOAD src/ASF/sam0/drivers/sercom/sercom.o
LOAD src/ASF/sam0/drivers/sercom/sercom_interrupt.o
LOAD src/ASF/sam0/drivers/sercom/spi/spi.o
LOAD src/ASF/sam0/drivers/sercom/spi/spi_interrupt.o
LOAD src/ASF/sam0/drivers/sercom/usart/usart.o
LOAD src/ASF/sam0/drivers/sercom/usart/usart_interrupt.o
LOAD src/ASF/sam0/drivers/system/clock/clock_samd21_r21/clock.o
LOAD src/ASF/sam0/drivers/system/clock/clock_samd21_r21/gclk.o
LOAD src/ASF/sam0/drivers/system/interrupt/system_interrupt.o
LOAD src/ASF/sam0/drivers/system/pinmux/pinmux.o
LOAD src/ASF/sam0/drivers/system/system.o
LOAD src/ASF/sam0/utils/cmsis/samd21/source/gcc/startup_samd21.o
LOAD src/ASF/sam0/utils/cmsis/samd21/source/system_samd21.o
LOAD src/ASF/sam0/utils/stdio/read.o
LOAD src/ASF/sam0/utils/stdio/write.o
LOAD src/ASF/sam0/utils/syscalls/gcc/syscalls.o
LOAD src/main.o
START GROUP
LOAD ../src/ASF/thirdparty/CMSIS/Lib/GCC\libarm_cortexM0l_math.a
LOAD c:/program files (x86)/atmel/atmel toolchain/arm gcc/native/4.8.1429/arm-gnu-toolchain/bin/../lib/gcc/arm-none-eabi/4.8.3/../../../../arm-none-eabi/lib/armv6-m\libm.a
END GROUP
START GROUP
LOAD c:/program files (x86)/atmel/atmel toolchain/arm gcc/native/4.8.1429/arm-gnu-toolchain/bin/../lib/gcc/arm-none-eabi/4.8.3/armv6-m\libgcc.a
LOAD c:/program files (x86)/atmel/atmel toolchain/arm gcc/native/4.8.1429/arm-gnu-toolchain/bin/../lib/gcc/arm-none-eabi/4.8.3/../../../../arm-none-eabi/lib/armv6-m\libc.a
END GROUP
LOAD c:/program files (x86)/atmel/atmel toolchain/arm gcc/native/4.8.1429/arm-gnu-toolchain/bin/../lib/gcc/arm-none-eabi/4.8.3/armv6-m/crtend.o
LOAD c:/program files (x86)/atmel/atmel toolchain/arm gcc/native/4.8.1429/arm-gnu-toolchain/bin/../lib/gcc/arm-none-eabi/4.8.3/armv6-m/crtn.o
                0x00002000                STACK_SIZE = DEFINED (STACK_SIZE)?STACK_SIZE:DEFINED (__stack_size__)?__stack_size__:0x2000

.text           0x00000000     0x22a4
                0x00000000                . = ALIGN (0x4)
                0x00000000                _sfixed = .
 *(.vectors .vectors.*)
 .vectors       0x00000000       0xb0 src/ASF/sam0/utils/cmsis/samd21/source/gcc/startup_samd21.o
                0x00000000                exception_table
 *(.text .text.* .gnu.linkonce.t.*)
 .text          0x000000b0       0xbc c:/program files (x86)/atmel/atmel toolchain/arm gcc/native/4.8.1429/arm-gnu-toolchain/bin/../lib/gcc/arm-none-eabi/4.8.3/armv6-m/crtbegin.o
 .text.at25dfx_chip_check_presence
                0x0000016c      0x110 src/ASF/common2/components/memory/serial_flash/at25dfx/at25dfx.o
                0x0000016c                at25dfx_chip_check_presence
 .text.cpu_irq_enter_critical
                0x0000027c       0x40 src/ASF/common/utils/interrupt/interrupt_sam_nvic.o
                0x0000027c                cpu_irq_enter_critical
 .text.cpu_irq_leave_critical
                0x000002bc       0x30 src/ASF/common/utils/interrupt/interrupt_sam_nvic.o
                0x000002bc                cpu_irq_leave_critical
 .text.system_board_init
                0x000002ec       0x38 src/ASF/sam0/boards/samd21_xplained_pro/board_init.o
                0x000002ec                board_init
                0x000002ec                system_board_init
 .text.port_pin_set_config
                0x00000324       0x24 src/ASF/sam0/drivers/port/port.o
                0x00000324                port_pin_set_config
 .text._sercom_get_sync_baud_val
                0x00000348       0x2c src/ASF/sam0/drivers/sercom/sercom.o
                0x00000348                _sercom_get_sync_baud_val
 *fill*         0x00000374        0x4 
 .text._sercom_get_async_baud_val
                0x00000378       0xb8 src/ASF/sam0/drivers/sercom/sercom.o
                0x00000378                _sercom_get_async_baud_val
 .text.sercom_set_gclk_generator
                0x00000430       0x50 src/ASF/sam0/drivers/sercom/sercom.o
                0x00000430                sercom_set_gclk_generator
 .text._sercom_get_default_pad
                0x00000480      0x188 src/ASF/sam0/drivers/sercom/sercom.o
                0x00000480                _sercom_get_default_pad
 .text._sercom_default_handler
                0x00000608        0x4 src/ASF/sam0/drivers/sercom/sercom_interrupt.o
 .text._sercom_get_sercom_inst_index
                0x0000060c       0x3c src/ASF/sam0/drivers/sercom/sercom_interrupt.o
                0x0000060c                _sercom_get_sercom_inst_index
 .text._sercom_set_handler
                0x00000648       0x3c src/ASF/sam0/drivers/sercom/sercom_interrupt.o
                0x00000648                _sercom_set_handler
 .text._sercom_get_interrupt_vector
                0x00000684       0x2c src/ASF/sam0/drivers/sercom/sercom_interrupt.o
                0x00000684                _sercom_get_interrupt_vector
 .text.SERCOM0_Handler
                0x000006b0       0x10 src/ASF/sam0/drivers/sercom/sercom_interrupt.o
                0x000006b0                SERCOM0_Handler
 .text.SERCOM1_Handler
                0x000006c0       0x10 src/ASF/sam0/drivers/sercom/sercom_interrupt.o
                0x000006c0                SERCOM1_Handler
 .text.SERCOM2_Handler
                0x000006d0       0x10 src/ASF/sam0/drivers/sercom/sercom_interrupt.o
                0x000006d0                SERCOM2_Handler
 .text.SERCOM3_Handler
                0x000006e0       0x10 src/ASF/sam0/drivers/sercom/sercom_interrupt.o
                0x000006e0                SERCOM3_Handler
 .text.SERCOM4_Handler
                0x000006f0       0x10 src/ASF/sam0/drivers/sercom/sercom_interrupt.o
                0x000006f0                SERCOM4_Handler
 .text.SERCOM5_Handler
                0x00000700       0x10 src/ASF/sam0/drivers/sercom/sercom_interrupt.o
                0x00000700                SERCOM5_Handler
 .text.spi_read_buffer_wait
                0x00000710      0x114 src/ASF/sam0/drivers/sercom/spi/spi.o
                0x00000710                spi_read_buffer_wait
 .text.spi_write_buffer_wait
                0x00000824      0x224 src/ASF/sam0/drivers/sercom/spi/spi.o
                0x00000824                spi_write_buffer_wait
 .text.usart_init
                0x00000a48      0x300 src/ASF/sam0/drivers/sercom/usart/usart.o
                0x00000a48                usart_init
 .text.usart_write_wait
                0x00000d48       0x2c src/ASF/sam0/drivers/sercom/usart/usart.o
                0x00000d48                usart_write_wait
 .text.usart_write_buffer_wait
                0x00000d74       0xbc src/ASF/sam0/drivers/sercom/usart/usart.o
                0x00000d74                usart_write_buffer_wait
 .text._usart_interrupt_handler
                0x00000e30      0x1ac src/ASF/sam0/drivers/sercom/usart/usart_interrupt.o
                0x00000e30                _usart_interrupt_handler
 .text.system_clock_source_get_hz
                0x00000fdc       0x90 src/ASF/sam0/drivers/system/clock/clock_samd21_r21/clock.o
                0x00000fdc                system_clock_source_get_hz
 .text.system_clock_source_osc8m_set_config
                0x0000106c       0x3c src/ASF/sam0/drivers/system/clock/clock_samd21_r21/clock.o
                0x0000106c                system_clock_source_osc8m_set_config
 .text.system_clock_source_enable
                0x000010a8       0xa8 src/ASF/sam0/drivers/system/clock/clock_samd21_r21/clock.o
                0x000010a8                system_clock_source_enable
 .text.system_clock_init
                0x00001150       0x78 src/ASF/sam0/drivers/system/clock/clock_samd21_r21/clock.o
                0x00001150                system_clock_init
 .text.system_gclk_init
                0x000011c8       0x24 src/ASF/sam0/drivers/system/clock/clock_samd21_r21/gclk.o
                0x000011c8                system_gclk_init
 .text.system_gclk_gen_set_config
                0x000011ec       0xb0 src/ASF/sam0/drivers/system/clock/clock_samd21_r21/gclk.o
                0x000011ec                system_gclk_gen_set_config
 .text.system_gclk_gen_enable
                0x0000129c       0x40 src/ASF/sam0/drivers/system/clock/clock_samd21_r21/gclk.o
                0x0000129c                system_gclk_gen_enable
 .text.system_gclk_gen_get_hz
                0x000012dc       0x84 src/ASF/sam0/drivers/system/clock/clock_samd21_r21/gclk.o
                0x000012dc                system_gclk_gen_get_hz
 .text.system_gclk_chan_enable
                0x00001360       0x30 src/ASF/sam0/drivers/system/clock/clock_samd21_r21/gclk.o
                0x00001360                system_gclk_chan_enable
 .text.system_gclk_chan_disable
                0x00001390       0x60 src/ASF/sam0/drivers/system/clock/clock_samd21_r21/gclk.o
                0x00001390                system_gclk_chan_disable
 .text.system_gclk_chan_set_config
                0x000013f0       0x1c src/ASF/sam0/drivers/system/clock/clock_samd21_r21/gclk.o
                0x000013f0                system_gclk_chan_set_config
 .text.system_gclk_chan_get_hz
                0x0000140c       0x34 src/ASF/sam0/drivers/system/clock/clock_samd21_r21/gclk.o
                0x0000140c                system_gclk_chan_get_hz
 .text._system_pinmux_config
                0x00001440       0x8c src/ASF/sam0/drivers/system/pinmux/pinmux.o
 .text.system_pinmux_pin_set_config
                0x000014cc       0x2c src/ASF/sam0/drivers/system/pinmux/pinmux.o
                0x000014cc                system_pinmux_pin_set_config
 .text._system_dummy_init
                0x000014f8        0x4 src/ASF/sam0/drivers/system/system.o
                0x000014f8                _system_events_init
                0x000014f8                _system_dummy_init
                0x000014f8                _system_extint_init
 .text.system_init
                0x000014fc       0x24 src/ASF/sam0/drivers/system/system.o
                0x000014fc                system_init
 .text.Dummy_Handler
                0x00001520        0x8 src/ASF/sam0/utils/cmsis/samd21/source/gcc/startup_samd21.o
                0x00001520                DMAC_Handler
                0x00001520                HardFault_Handler
                0x00001520                AC_Handler
                0x00001520                SysTick_Handler
                0x00001520                PendSV_Handler
                0x00001520                NMI_Handler
                0x00001520                TC7_Handler
                0x00001520                ADC_Handler
                0x00001520                TCC1_Handler
                0x00001520                TCC0_Handler
                0x00001520                RTC_Handler
                0x00001520                EIC_Handler
                0x00001520                TC6_Handler
                0x00001520                WDT_Handler
                0x00001520                TC4_Handler
                0x00001520                USB_Handler
                0x00001520                TC3_Handler
                0x00001520                Dummy_Handler
                0x00001520                PM_Handler
                0x00001520                SVC_Handler
                0x00001520                TCC2_Handler
                0x00001520                EVSYS_Handler
                0x00001520                I2S_Handler
                0x00001520                NVMCTRL_Handler
                0x00001520                DAC_Handler
                0x00001520                PTC_Handler
                0x00001520                TC5_Handler
                0x00001520                SYSCTRL_Handler
 .text.Reset_Handler
                0x00001528       0x90 src/ASF/sam0/utils/cmsis/samd21/source/gcc/startup_samd21.o
                0x00001528                Reset_Handler
 .text.configure_usart
                0x000015b8       0xc0 src/main.o
                0x000015b8                configure_usart
 .text.main     0x00001678       0xf0 src/main.o
                0x00001678                main
 .text          0x00001768       0x9c c:/program files (x86)/atmel/atmel toolchain/arm gcc/native/4.8.1429/arm-gnu-toolchain/bin/../lib/gcc/arm-none-eabi/4.8.3/armv6-m\libgcc.a(_udivsi3.o)
                0x00001768                __aeabi_uidiv
                0x00001768                __udivsi3
                0x000017f0                __aeabi_uidivmod
 .text          0x00001804        0x4 c:/program files (x86)/atmel/atmel toolchain/arm gcc/native/4.8.1429/arm-gnu-toolchain/bin/../lib/gcc/arm-none-eabi/4.8.3/armv6-m\libgcc.a(_dvmd_tls.o)
                0x00001804                __aeabi_idiv0
                0x00001804                __aeabi_ldiv0
 .text          0x00001808       0x40 c:/program files (x86)/atmel/atmel toolchain/arm gcc/native/4.8.1429/arm-gnu-toolchain/bin/../lib/gcc/arm-none-eabi/4.8.3/armv6-m\libgcc.a(_aeabi_uldivmod.o)
                0x00001808                __aeabi_uldivmod
 .text          0x00001848       0x44 c:/program files (x86)/atmel/atmel toolchain/arm gcc/native/4.8.1429/arm-gnu-toolchain/bin/../lib/gcc/arm-none-eabi/4.8.3/armv6-m\libgcc.a(_muldi3.o)
                0x00001848                __muldi3
                0x00001848                __aeabi_lmul
 .text          0x0000188c       0x6c c:/program files (x86)/atmel/atmel toolchain/arm gcc/native/4.8.1429/arm-gnu-toolchain/bin/../lib/gcc/arm-none-eabi/4.8.3/armv6-m\libgcc.a(bpabi.o)
                0x0000188c                __gnu_ldivmod_helper
                0x000018c4                __gnu_uldivmod_helper
 .text          0x000018f8      0x3b0 c:/program files (x86)/atmel/atmel toolchain/arm gcc/native/4.8.1429/arm-gnu-toolchain/bin/../lib/gcc/arm-none-eabi/4.8.3/armv6-m\libgcc.a(_divdi3.o)
                0x000018f8                __divdi3
 .text          0x00001ca8      0x380 c:/program files (x86)/atmel/atmel toolchain/arm gcc/native/4.8.1429/arm-gnu-toolchain/bin/../lib/gcc/arm-none-eabi/4.8.3/armv6-m\libgcc.a(_udivdi3.o)
                0x00001ca8                __udivdi3
 .text          0x00002028       0x3c c:/program files (x86)/atmel/atmel toolchain/arm gcc/native/4.8.1429/arm-gnu-toolchain/bin/../lib/gcc/arm-none-eabi/4.8.3/armv6-m\libgcc.a(_clzsi2.o)
                0x00002028                __clzsi2
 .text          0x00002064       0x4c c:/program files (x86)/atmel/atmel toolchain/arm gcc/native/4.8.1429/arm-gnu-toolchain/bin/../lib/gcc/arm-none-eabi/4.8.3/../../../../arm-none-eabi/lib/armv6-m\libc.a(lib_a-init.o)
                0x00002064                __libc_init_array
 .text          0x000020b0       0x12 c:/program files (x86)/atmel/atmel toolchain/arm gcc/native/4.8.1429/arm-gnu-toolchain/bin/../lib/gcc/arm-none-eabi/4.8.3/../../../../arm-none-eabi/lib/armv6-m\libc.a(lib_a-memcpy-stub.o)
                0x000020b0                memcpy
 *fill*         0x000020c2        0x2 
 .text.startup  0x000020c4       0x18 c:/program files (x86)/atmel/atmel toolchain/arm gcc/native/4.8.1429/arm-gnu-toolchain/bin/../lib/gcc/arm-none-eabi/4.8.3/../../../../arm-none-eabi/lib/armv6-m\libc.a(lib_a-__call_atexit.o)
 .text          0x000020dc       0x10 c:/program files (x86)/atmel/atmel toolchain/arm gcc/native/4.8.1429/arm-gnu-toolchain/bin/../lib/gcc/arm-none-eabi/4.8.3/../../../../arm-none-eabi/lib/armv6-m\libc.a(lib_a-atexit.o)
                0x000020dc                atexit
 .text          0x000020ec       0x28 c:/program files (x86)/atmel/atmel toolchain/arm gcc/native/4.8.1429/arm-gnu-toolchain/bin/../lib/gcc/arm-none-eabi/4.8.3/../../../../arm-none-eabi/lib/armv6-m\libc.a(lib_a-fini.o)
                0x000020ec                __libc_fini_array
 .text          0x00002114       0x9c c:/program files (x86)/atmel/atmel toolchain/arm gcc/native/4.8.1429/arm-gnu-toolchain/bin/../lib/gcc/arm-none-eabi/4.8.3/../../../../arm-none-eabi/lib/armv6-m\libc.a(lib_a-__atexit.o)
                0x00002114                __register_exitproc
 *(.glue_7t)
 .glue_7t       0x00000000        0x0 linker stubs
 *(.glue_7)
 .glue_7        0x00000000        0x0 linker stubs
 *(.rodata .rodata* .gnu.linkonce.r.*)
 .rodata.at25dfx_chip_check_presence
                0x000021b0       0x28 src/ASF/common2/components/memory/serial_flash/at25dfx/at25dfx.o
 .rodata        0x000021d8       0x20 src/ASF/sam0/drivers/sercom/sercom_interrupt.o
 .rodata.system_clock_source_get_hz
                0x000021f8       0x24 src/ASF/sam0/drivers/system/clock/clock_samd21_r21/clock.o
 .rodata.system_clock_source_enable
                0x0000221c       0x24 src/ASF/sam0/drivers/system/clock/clock_samd21_r21/clock.o
 .rodata.str1.4
                0x00002240       0x38 src/main.o
 .rodata        0x00002278        0x4 c:/program files (x86)/atmel/atmel toolchain/arm gcc/native/4.8.1429/arm-gnu-toolchain/bin/../lib/gcc/arm-none-eabi/4.8.3/../../../../arm-none-eabi/lib/armv6-m\libc.a(lib_a-impure.o)
                0x00002278                _global_impure_ptr
 .rodata.str1.1
                0x0000227c        0x2 c:/program files (x86)/atmel/atmel toolchain/arm gcc/native/4.8.1429/arm-gnu-toolchain/bin/../lib/gcc/arm-none-eabi/4.8.3/../../../../arm-none-eabi/lib/armv6-m\libc.a(lib_a-impure.o)
 *(.ARM.extab* .gnu.linkonce.armextab.*)
                0x00002280                . = ALIGN (0x4)
 *fill*         0x0000227e        0x2 
 *(.init)
 .init          0x00002280        0x4 c:/program files (x86)/atmel/atmel toolchain/arm gcc/native/4.8.1429/arm-gnu-toolchain/bin/../lib/gcc/arm-none-eabi/4.8.3/armv6-m/crti.o
                0x00002280                _init
 .init          0x00002284        0x8 c:/program files (x86)/atmel/atmel toolchain/arm gcc/native/4.8.1429/arm-gnu-toolchain/bin/../lib/gcc/arm-none-eabi/4.8.3/armv6-m/crtn.o
                0x0000228c                . = ALIGN (0x4)
                0x0000228c                __preinit_array_start = .
 *(.preinit_array)
                0x0000228c                __preinit_array_end = .
                0x0000228c                . = ALIGN (0x4)
                0x0000228c                __init_array_start = .
 *(SORT(.init_array.*))
 .init_array.00000
                0x0000228c        0x4 c:/program files (x86)/atmel/atmel toolchain/arm gcc/native/4.8.1429/arm-gnu-toolchain/bin/../lib/gcc/arm-none-eabi/4.8.3/../../../../arm-none-eabi/lib/armv6-m\libc.a(lib_a-__call_atexit.o)
 *(.init_array)
 .init_array    0x00002290        0x4 c:/program files (x86)/atmel/atmel toolchain/arm gcc/native/4.8.1429/arm-gnu-toolchain/bin/../lib/gcc/arm-none-eabi/4.8.3/armv6-m/crtbegin.o
                0x00002294                __init_array_end = .
                0x00002294                . = ALIGN (0x4)
 *crtbegin.o(.ctors)
 *(EXCLUDE_FILE(*crtend.o) .ctors)
 *(SORT(.ctors.*))
 *crtend.o(.ctors)
                0x00002294                . = ALIGN (0x4)
 *(.fini)
 .fini          0x00002294        0x4 c:/program files (x86)/atmel/atmel toolchain/arm gcc/native/4.8.1429/arm-gnu-toolchain/bin/../lib/gcc/arm-none-eabi/4.8.3/armv6-m/crti.o
                0x00002294                _fini
 .fini          0x00002298        0x8 c:/program files (x86)/atmel/atmel toolchain/arm gcc/native/4.8.1429/arm-gnu-toolchain/bin/../lib/gcc/arm-none-eabi/4.8.3/armv6-m/crtn.o
                0x000022a0                . = ALIGN (0x4)
                0x000022a0                __fini_array_start = .
 *(.fini_array)
 .fini_array    0x000022a0        0x4 c:/program files (x86)/atmel/atmel toolchain/arm gcc/native/4.8.1429/arm-gnu-toolchain/bin/../lib/gcc/arm-none-eabi/4.8.3/armv6-m/crtbegin.o
 *(SORT(.fini_array.*))
                0x000022a4                __fini_array_end = .
 *crtbegin.o(.dtors)
 *(EXCLUDE_FILE(*crtend.o) .dtors)
 *(SORT(.dtors.*))
 *crtend.o(.dtors)
                0x000022a4                . = ALIGN (0x4)
                0x000022a4                _efixed = .
                0x000022a4                PROVIDE (__exidx_start, .)

.vfp11_veneer   0x000022a4        0x0
 .vfp11_veneer  0x00000000        0x0 linker stubs

.v4_bx          0x000022a4        0x0
 .v4_bx         0x00000000        0x0 linker stubs

.iplt           0x000022a4        0x0
 .iplt          0x00000000        0x0 c:/program files (x86)/atmel/atmel toolchain/arm gcc/native/4.8.1429/arm-gnu-toolchain/bin/../lib/gcc/arm-none-eabi/4.8.3/armv6-m/crtbegin.o

.ARM.exidx      0x000022a4        0x8
 *(.ARM.exidx* .gnu.linkonce.armexidx.*)
 .ARM.exidx     0x000022a4        0x8 c:/program files (x86)/atmel/atmel toolchain/arm gcc/native/4.8.1429/arm-gnu-toolchain/bin/../lib/gcc/arm-none-eabi/4.8.3/armv6-m\libgcc.a(_divdi3.o)
 .ARM.exidx     0x000022ac        0x0 c:/program files (x86)/atmel/atmel toolchain/arm gcc/native/4.8.1429/arm-gnu-toolchain/bin/../lib/gcc/arm-none-eabi/4.8.3/armv6-m\libgcc.a(_udivdi3.o)
                                  0x8 (size before relaxing)
                0x000022ac                PROVIDE (__exidx_end, .)

.eh_frame       0x000022ac        0x0
 .eh_frame      0x000022ac        0x0 c:/program files (x86)/atmel/atmel toolchain/arm gcc/native/4.8.1429/arm-gnu-toolchain/bin/../lib/gcc/arm-none-eabi/4.8.3/armv6-m/crtbegin.o

.rel.dyn        0x000022ac        0x0
 .rel.iplt      0x00000000        0x0 c:/program files (x86)/atmel/atmel toolchain/arm gcc/native/4.8.1429/arm-gnu-toolchain/bin/../lib/gcc/arm-none-eabi/4.8.3/armv6-m/crtbegin.o

.jcr            0x000022ac        0x0
 .jcr           0x000022ac        0x0 c:/program files (x86)/atmel/atmel toolchain/arm gcc/native/4.8.1429/arm-gnu-toolchain/bin/../lib/gcc/arm-none-eabi/4.8.3/armv6-m/crtbegin.o

.tm_clone_table
                0x000022ac        0x0
 .tm_clone_table
                0x000022ac        0x0 c:/program files (x86)/atmel/atmel toolchain/arm gcc/native/4.8.1429/arm-gnu-toolchain/bin/../lib/gcc/arm-none-eabi/4.8.3/armv6-m/crtbegin.o
 .tm_clone_table
                0x000022ac        0x0 c:/program files (x86)/atmel/atmel toolchain/arm gcc/native/4.8.1429/arm-gnu-toolchain/bin/../lib/gcc/arm-none-eabi/4.8.3/armv6-m/crtend.o

.igot.plt       0x000022ac        0x0
 .igot.plt      0x00000000        0x0 c:/program files (x86)/atmel/atmel toolchain/arm gcc/native/4.8.1429/arm-gnu-toolchain/bin/../lib/gcc/arm-none-eabi/4.8.3/armv6-m/crtbegin.o
                0x000022ac                . = ALIGN (0x4)
                0x000022ac                _etext = .

.relocate       0x20000000      0x440 load address 0x000022ac
                0x20000000                . = ALIGN (0x4)
                0x20000000                _srelocate = .
 *(.ramfunc .ramfunc.*)
 .ramfunc       0x20000000        0xc src/ASF/common2/services/delay/sam0/cycle_counter.o
                0x20000000                portable_delay_cycles
 *(.data .data.*)
 .data.g_interrupt_enabled
                0x2000000c        0x1 src/ASF/common/utils/interrupt/interrupt_sam_nvic.o
                0x2000000c                g_interrupt_enabled
 *fill*         0x2000000d        0x3 
 .data          0x20000010      0x430 c:/program files (x86)/atmel/atmel toolchain/arm gcc/native/4.8.1429/arm-gnu-toolchain/bin/../lib/gcc/arm-none-eabi/4.8.3/../../../../arm-none-eabi/lib/armv6-m\libc.a(lib_a-impure.o)
                0x20000010                _impure_ptr
                0x20000440                . = ALIGN (0x4)
                0x20000440                _erelocate = .

.bss            0x20000440       0xa8 load address 0x000026ec
                0x20000440                . = ALIGN (0x4)
                0x20000440                _sbss = .
                0x20000440                _szero = .
 *(.bss .bss.*)
 .bss           0x20000440       0x1c c:/program files (x86)/atmel/atmel toolchain/arm gcc/native/4.8.1429/arm-gnu-toolchain/bin/../lib/gcc/arm-none-eabi/4.8.3/armv6-m/crtbegin.o
 .bss.cpu_irq_critical_section_counter
                0x2000045c        0x4 src/ASF/common/utils/interrupt/interrupt_sam_nvic.o
 .bss.cpu_irq_prev_interrupt_state
                0x20000460        0x1 src/ASF/common/utils/interrupt/interrupt_sam_nvic.o
 *fill*         0x20000461        0x3 
 .bss._sercom_config
                0x20000464        0x4 src/ASF/sam0/drivers/sercom/sercom.o
 .bss._handler_table_initialized
                0x20000468        0x1 src/ASF/sam0/drivers/sercom/sercom_interrupt.o
 *fill*         0x20000469        0x3 
 .bss._sercom_interrupt_handlers
                0x2000046c       0x18 src/ASF/sam0/drivers/sercom/sercom_interrupt.o
 .bss._system_clock_inst
                0x20000484       0x18 src/ASF/sam0/drivers/system/clock/clock_samd21_r21/clock.o
 *(COMMON)
 COMMON         0x2000049c       0x18 src/ASF/sam0/drivers/sercom/sercom_interrupt.o
                0x2000049c                _sercom_instances
 COMMON         0x200004b4       0x34 src/main.o
                0x200004b4                usart_instance
                0x200004e8                . = ALIGN (0x4)
                0x200004e8                _ebss = .
                0x200004e8                _ezero = .

.stack          0x200004e8     0x2000 load address 0x00002794
                0x200004e8                . = ALIGN (0x8)
                0x200004e8                _sstack = .
                0x200024e8                . = (. + STACK_SIZE)
 *fill*         0x200004e8     0x2000 
                0x200024e8                . = ALIGN (0x8)
                0x200024e8                _estack = .
                0x200024e8                . = ALIGN (0x4)
                0x200024e8                _end = .
OUTPUT(GccBoardProject1.elf elf32-littlearm)

.ARM.attributes
                0x00000000       0x28
 .ARM.attributes
                0x00000000       0x1e c:/program files (x86)/atmel/atmel toolchain/arm gcc/native/4.8.1429/arm-gnu-toolchain/bin/../lib/gcc/arm-none-eabi/4.8.3/armv6-m/crti.o
 .ARM.attributes
                0x0000001e       0x2c c:/program files (x86)/atmel/atmel toolchain/arm gcc/native/4.8.1429/arm-gnu-toolchain/bin/../lib/gcc/arm-none-eabi/4.8.3/armv6-m/crtbegin.o
 .ARM.attributes
                0x0000004a       0x32 src/ASF/common2/components/memory/serial_flash/at25dfx/at25dfx.o
 .ARM.attributes
                0x0000007c       0x32 src/ASF/common2/services/delay/sam0/cycle_counter.o
 .ARM.attributes
                0x000000ae       0x32 src/ASF/common/utils/interrupt/interrupt_sam_nvic.o
 .ARM.attributes
                0x000000e0       0x32 src/ASF/sam0/boards/samd21_xplained_pro/board_init.o
 .ARM.attributes
                0x00000112       0x32 src/ASF/sam0/drivers/port/port.o
 .ARM.attributes
                0x00000144       0x32 src/ASF/sam0/drivers/sercom/sercom.o
 .ARM.attributes
                0x00000176       0x32 src/ASF/sam0/drivers/sercom/sercom_interrupt.o
 .ARM.attributes
                0x000001a8       0x32 src/ASF/sam0/drivers/sercom/spi/spi.o
 .ARM.attributes
                0x000001da       0x32 src/ASF/sam0/drivers/sercom/usart/usart.o
 .ARM.attributes
                0x0000020c       0x32 src/ASF/sam0/drivers/sercom/usart/usart_interrupt.o
 .ARM.attributes
                0x0000023e       0x32 src/ASF/sam0/drivers/system/clock/clock_samd21_r21/clock.o
 .ARM.attributes
                0x00000270       0x32 src/ASF/sam0/drivers/system/clock/clock_samd21_r21/gclk.o
 .ARM.attributes
                0x000002a2       0x32 src/ASF/sam0/drivers/system/pinmux/pinmux.o
 .ARM.attributes
                0x000002d4       0x32 src/ASF/sam0/drivers/system/system.o
 .ARM.attributes
                0x00000306       0x32 src/ASF/sam0/utils/cmsis/samd21/source/gcc/startup_samd21.o
 .ARM.attributes
                0x00000338       0x32 src/main.o
 .ARM.attributes
                0x0000036a       0x1e c:/program files (x86)/atmel/atmel toolchain/arm gcc/native/4.8.1429/arm-gnu-toolchain/bin/../lib/gcc/arm-none-eabi/4.8.3/armv6-m\libgcc.a(_udivsi3.o)
 .ARM.attributes
                0x00000388       0x1e c:/program files (x86)/atmel/atmel toolchain/arm gcc/native/4.8.1429/arm-gnu-toolchain/bin/../lib/gcc/arm-none-eabi/4.8.3/armv6-m\libgcc.a(_dvmd_tls.o)
 .ARM.attributes
                0x000003a6       0x1e c:/program files (x86)/atmel/atmel toolchain/arm gcc/native/4.8.1429/arm-gnu-toolchain/bin/../lib/gcc/arm-none-eabi/4.8.3/armv6-m\libgcc.a(_aeabi_uldivmod.o)
 .ARM.attributes
                0x000003c4       0x2c c:/program files (x86)/atmel/atmel toolchain/arm gcc/native/4.8.1429/arm-gnu-toolchain/bin/../lib/gcc/arm-none-eabi/4.8.3/armv6-m\libgcc.a(_muldi3.o)
 .ARM.attributes
                0x000003f0       0x2c c:/program files (x86)/atmel/atmel toolchain/arm gcc/native/4.8.1429/arm-gnu-toolchain/bin/../lib/gcc/arm-none-eabi/4.8.3/armv6-m\libgcc.a(bpabi.o)
 .ARM.attributes
                0x0000041c       0x2c c:/program files (x86)/atmel/atmel toolchain/arm gcc/native/4.8.1429/arm-gnu-toolchain/bin/../lib/gcc/arm-none-eabi/4.8.3/armv6-m\libgcc.a(_divdi3.o)
 .ARM.attributes
                0x00000448       0x2c c:/program files (x86)/atmel/atmel toolchain/arm gcc/native/4.8.1429/arm-gnu-toolchain/bin/../lib/gcc/arm-none-eabi/4.8.3/armv6-m\libgcc.a(_udivdi3.o)
 .ARM.attributes
                0x00000474       0x1e c:/program files (x86)/atmel/atmel toolchain/arm gcc/native/4.8.1429/arm-gnu-toolchain/bin/../lib/gcc/arm-none-eabi/4.8.3/armv6-m\libgcc.a(_clzsi2.o)
 .ARM.attributes
                0x00000492       0x2c c:/program files (x86)/atmel/atmel toolchain/arm gcc/native/4.8.1429/arm-gnu-toolchain/bin/../lib/gcc/arm-none-eabi/4.8.3/../../../../arm-none-eabi/lib/armv6-m\libc.a(lib_a-impure.o)
 .ARM.attributes
                0x000004be       0x2c c:/program files (x86)/atmel/atmel toolchain/arm gcc/native/4.8.1429/arm-gnu-toolchain/bin/../lib/gcc/arm-none-eabi/4.8.3/../../../../arm-none-eabi/lib/armv6-m\libc.a(lib_a-init.o)
 .ARM.attributes
                0x000004ea       0x2c c:/program files (x86)/atmel/atmel toolchain/arm gcc/native/4.8.1429/arm-gnu-toolchain/bin/../lib/gcc/arm-none-eabi/4.8.3/../../../../arm-none-eabi/lib/armv6-m\libc.a(lib_a-memcpy-stub.o)
 .ARM.attributes
                0x00000516       0x2c c:/program files (x86)/atmel/atmel toolchain/arm gcc/native/4.8.1429/arm-gnu-toolchain/bin/../lib/gcc/arm-none-eabi/4.8.3/../../../../arm-none-eabi/lib/armv6-m\libc.a(lib_a-__call_atexit.o)
 .ARM.attributes
                0x00000542       0x2c c:/program files (x86)/atmel/atmel toolchain/arm gcc/native/4.8.1429/arm-gnu-toolchain/bin/../lib/gcc/arm-none-eabi/4.8.3/../../../../arm-none-eabi/lib/armv6-m\libc.a(lib_a-atexit.o)
 .ARM.attributes
                0x0000056e       0x2c c:/program files (x86)/atmel/atmel toolchain/arm gcc/native/4.8.1429/arm-gnu-toolchain/bin/../lib/gcc/arm-none-eabi/4.8.3/../../../../arm-none-eabi/lib/armv6-m\libc.a(lib_a-fini.o)
 .ARM.attributes
                0x0000059a       0x2c c:/program files (x86)/atmel/atmel toolchain/arm gcc/native/4.8.1429/arm-gnu-toolchain/bin/../lib/gcc/arm-none-eabi/4.8.3/../../../../arm-none-eabi/lib/armv6-m\libc.a(lib_a-__atexit.o)
 .ARM.attributes
                0x000005c6       0x2c c:/program files (x86)/atmel/atmel toolchain/arm gcc/native/4.8.1429/arm-gnu-toolchain/bin/../lib/gcc/arm-none-eabi/4.8.3/armv6-m/crtend.o
 .ARM.attributes
                0x000005f2       0x1e c:/program files (x86)/atmel/atmel toolchain/arm gcc/native/4.8.1429/arm-gnu-toolchain/bin/../lib/gcc/arm-none-eabi/4.8.3/armv6-m/crtn.o

.comment        0x00000000       0x71
 .comment       0x00000000       0x71 c:/program files (x86)/atmel/atmel toolchain/arm gcc/native/4.8.1429/arm-gnu-toolchain/bin/../lib/gcc/arm-none-eabi/4.8.3/armv6-m/crtbegin.o
                                 0x72 (size before relaxing)
 .comment       0x00000000       0x72 src/ASF/common2/components/memory/serial_flash/at25dfx/at25dfx.o
 .comment       0x00000000       0x72 src/ASF/common2/services/delay/sam0/cycle_counter.o
 .comment       0x00000000       0x72 src/ASF/common/utils/interrupt/interrupt_sam_nvic.o
 .comment       0x00000000       0x72 src/ASF/sam0/boards/samd21_xplained_pro/board_init.o
 .comment       0x00000000       0x72 src/ASF/sam0/drivers/port/port.o
 .comment       0x00000000       0x72 src/ASF/sam0/drivers/sercom/sercom.o
 .comment       0x00000000       0x72 src/ASF/sam0/drivers/sercom/sercom_interrupt.o
 .comment       0x00000000       0x72 src/ASF/sam0/drivers/sercom/spi/spi.o
 .comment       0x00000000       0x72 src/ASF/sam0/drivers/sercom/usart/usart.o
 .comment       0x00000000       0x72 src/ASF/sam0/drivers/sercom/usart/usart_interrupt.o
 .comment       0x00000000       0x72 src/ASF/sam0/drivers/system/clock/clock_samd21_r21/clock.o
 .comment       0x00000000       0x72 src/ASF/sam0/drivers/system/clock/clock_samd21_r21/gclk.o
 .comment       0x00000000       0x72 src/ASF/sam0/drivers/system/pinmux/pinmux.o
 .comment       0x00000000       0x72 src/ASF/sam0/drivers/system/system.o
 .comment       0x00000000       0x72 src/ASF/sam0/utils/cmsis/samd21/source/gcc/startup_samd21.o
 .comment       0x00000000       0x72 src/main.o
 .comment       0x00000000       0x72 c:/program files (x86)/atmel/atmel toolchain/arm gcc/native/4.8.1429/arm-gnu-toolchain/bin/../lib/gcc/arm-none-eabi/4.8.3/../../../../arm-none-eabi/lib/armv6-m\libc.a(lib_a-impure.o)
 .comment       0x00000000       0x72 c:/program files (x86)/atmel/atmel toolchain/arm gcc/native/4.8.1429/arm-gnu-toolchain/bin/../lib/gcc/arm-none-eabi/4.8.3/../../../../arm-none-eabi/lib/armv6-m\libc.a(lib_a-init.o)
 .comment       0x00000000       0x72 c:/program files (x86)/atmel/atmel toolchain/arm gcc/native/4.8.1429/arm-gnu-toolchain/bin/../lib/gcc/arm-none-eabi/4.8.3/../../../../arm-none-eabi/lib/armv6-m\libc.a(lib_a-memcpy-stub.o)
 .comment       0x00000000       0x72 c:/program files (x86)/atmel/atmel toolchain/arm gcc/native/4.8.1429/arm-gnu-toolchain/bin/../lib/gcc/arm-none-eabi/4.8.3/../../../../arm-none-eabi/lib/armv6-m\libc.a(lib_a-__call_atexit.o)
 .comment       0x00000000       0x72 c:/program files (x86)/atmel/atmel toolchain/arm gcc/native/4.8.1429/arm-gnu-toolchain/bin/../lib/gcc/arm-none-eabi/4.8.3/../../../../arm-none-eabi/lib/armv6-m\libc.a(lib_a-atexit.o)
 .comment       0x00000000       0x72 c:/program files (x86)/atmel/atmel toolchain/arm gcc/native/4.8.1429/arm-gnu-toolchain/bin/../lib/gcc/arm-none-eabi/4.8.3/../../../../arm-none-eabi/lib/armv6-m\libc.a(lib_a-fini.o)
 .comment       0x00000000       0x72 c:/program files (x86)/atmel/atmel toolchain/arm gcc/native/4.8.1429/arm-gnu-toolchain/bin/../lib/gcc/arm-none-eabi/4.8.3/../../../../arm-none-eabi/lib/armv6-m\libc.a(lib_a-__atexit.o)
 .comment       0x00000000       0x72 c:/program files (x86)/atmel/atmel toolchain/arm gcc/native/4.8.1429/arm-gnu-toolchain/bin/../lib/gcc/arm-none-eabi/4.8.3/armv6-m/crtend.o

.debug_info     0x00000000    0x233d6
 .debug_info    0x00000000     0x6238 src/ASF/common2/components/memory/serial_flash/at25dfx/at25dfx.o
 .debug_info    0x00006238      0x142 src/ASF/common2/services/delay/sam0/cycle_counter.o
 .debug_info    0x0000637a      0x1e1 src/ASF/common/utils/interrupt/interrupt_sam_nvic.o
 .debug_info    0x0000655b      0x952 src/ASF/sam0/boards/samd21_xplained_pro/board_init.o
 .debug_info    0x00006ead      0x947 src/ASF/sam0/drivers/port/port.o
 .debug_info    0x000077f4     0x2396 src/ASF/sam0/drivers/sercom/sercom.o
 .debug_info    0x00009b8a     0x2388 src/ASF/sam0/drivers/sercom/sercom_interrupt.o
 .debug_info    0x0000bf12     0x5dfc src/ASF/sam0/drivers/sercom/spi/spi.o
 .debug_info    0x00011d0e     0x406f src/ASF/sam0/drivers/sercom/usart/usart.o
 .debug_info    0x00015d7d     0x2705 src/ASF/sam0/drivers/sercom/usart/usart_interrupt.o
 .debug_info    0x00018482     0x2c11 src/ASF/sam0/drivers/system/clock/clock_samd21_r21/clock.o
 .debug_info    0x0001b093     0x1472 src/ASF/sam0/drivers/system/clock/clock_samd21_r21/gclk.o
 .debug_info    0x0001c505      0xa2c src/ASF/sam0/drivers/system/pinmux/pinmux.o
 .debug_info    0x0001cf31      0x164 src/ASF/sam0/drivers/system/system.o
 .debug_info    0x0001d095      0x4fa src/ASF/sam0/utils/cmsis/samd21/source/gcc/startup_samd21.o
 .debug_info    0x0001d58f     0x3c11 src/main.o
 .debug_info    0x000211a0      0x96c c:/program files (x86)/atmel/atmel toolchain/arm gcc/native/4.8.1429/arm-gnu-toolchain/bin/../lib/gcc/arm-none-eabi/4.8.3/../../../../arm-none-eabi/lib/armv6-m\libc.a(lib_a-impure.o)
 .debug_info    0x00021b0c      0x112 c:/program files (x86)/atmel/atmel toolchain/arm gcc/native/4.8.1429/arm-gnu-toolchain/bin/../lib/gcc/arm-none-eabi/4.8.3/../../../../arm-none-eabi/lib/armv6-m\libc.a(lib_a-init.o)
 .debug_info    0x00021c1e      0x103 c:/program files (x86)/atmel/atmel toolchain/arm gcc/native/4.8.1429/arm-gnu-toolchain/bin/../lib/gcc/arm-none-eabi/4.8.3/../../../../arm-none-eabi/lib/armv6-m\libc.a(lib_a-memcpy-stub.o)
 .debug_info    0x00021d21      0xa9e c:/program files (x86)/atmel/atmel toolchain/arm gcc/native/4.8.1429/arm-gnu-toolchain/bin/../lib/gcc/arm-none-eabi/4.8.3/../../../../arm-none-eabi/lib/armv6-m\libc.a(lib_a-__call_atexit.o)
 .debug_info    0x000227bf      0x10f c:/program files (x86)/atmel/atmel toolchain/arm gcc/native/4.8.1429/arm-gnu-toolchain/bin/../lib/gcc/arm-none-eabi/4.8.3/../../../../arm-none-eabi/lib/armv6-m\libc.a(lib_a-atexit.o)
 .debug_info    0x000228ce       0xf4 c:/program files (x86)/atmel/atmel toolchain/arm gcc/native/4.8.1429/arm-gnu-toolchain/bin/../lib/gcc/arm-none-eabi/4.8.3/../../../../arm-none-eabi/lib/armv6-m\libc.a(lib_a-fini.o)
 .debug_info    0x000229c2      0xa14 c:/program files (x86)/atmel/atmel toolchain/arm gcc/native/4.8.1429/arm-gnu-toolchain/bin/../lib/gcc/arm-none-eabi/4.8.3/../../../../arm-none-eabi/lib/armv6-m\libc.a(lib_a-__atexit.o)

.debug_abbrev   0x00000000     0x3214
 .debug_abbrev  0x00000000      0x3ec src/ASF/common2/components/memory/serial_flash/at25dfx/at25dfx.o
 .debug_abbrev  0x000003ec       0xbc src/ASF/common2/services/delay/sam0/cycle_counter.o
 .debug_abbrev  0x000004a8       0xf6 src/ASF/common/utils/interrupt/interrupt_sam_nvic.o
 .debug_abbrev  0x0000059e      0x25a src/ASF/sam0/boards/samd21_xplained_pro/board_init.o
 .debug_abbrev  0x000007f8      0x1e9 src/ASF/sam0/drivers/port/port.o
 .debug_abbrev  0x000009e1      0x232 src/ASF/sam0/drivers/sercom/sercom.o
 .debug_abbrev  0x00000c13      0x247 src/ASF/sam0/drivers/sercom/sercom_interrupt.o
 .debug_abbrev  0x00000e5a      0x44f src/ASF/sam0/drivers/sercom/spi/spi.o
 .debug_abbrev  0x000012a9      0x3f1 src/ASF/sam0/drivers/sercom/usart/usart.o
 .debug_abbrev  0x0000169a      0x394 src/ASF/sam0/drivers/sercom/usart/usart_interrupt.o
 .debug_abbrev  0x00001a2e      0x392 src/ASF/sam0/drivers/system/clock/clock_samd21_r21/clock.o
 .debug_abbrev  0x00001dc0      0x350 src/ASF/sam0/drivers/system/clock/clock_samd21_r21/gclk.o
 .debug_abbrev  0x00002110      0x296 src/ASF/sam0/drivers/system/pinmux/pinmux.o
 .debug_abbrev  0x000023a6       0xb9 src/ASF/sam0/drivers/system/system.o
 .debug_abbrev  0x0000245f      0x16f src/ASF/sam0/utils/cmsis/samd21/source/gcc/startup_samd21.o
 .debug_abbrev  0x000025ce      0x3ce src/main.o
 .debug_abbrev  0x0000299c      0x160 c:/program files (x86)/atmel/atmel toolchain/arm gcc/native/4.8.1429/arm-gnu-toolchain/bin/../lib/gcc/arm-none-eabi/4.8.3/../../../../arm-none-eabi/lib/armv6-m\libc.a(lib_a-impure.o)
 .debug_abbrev  0x00002afc       0xb8 c:/program files (x86)/atmel/atmel toolchain/arm gcc/native/4.8.1429/arm-gnu-toolchain/bin/../lib/gcc/arm-none-eabi/4.8.3/../../../../arm-none-eabi/lib/armv6-m\libc.a(lib_a-init.o)
 .debug_abbrev  0x00002bb4       0xa2 c:/program files (x86)/atmel/atmel toolchain/arm gcc/native/4.8.1429/arm-gnu-toolchain/bin/../lib/gcc/arm-none-eabi/4.8.3/../../../../arm-none-eabi/lib/armv6-m\libc.a(lib_a-memcpy-stub.o)
 .debug_abbrev  0x00002c56      0x266 c:/program files (x86)/atmel/atmel toolchain/arm gcc/native/4.8.1429/arm-gnu-toolchain/bin/../lib/gcc/arm-none-eabi/4.8.3/../../../../arm-none-eabi/lib/armv6-m\libc.a(lib_a-__call_atexit.o)
 .debug_abbrev  0x00002ebc       0xb3 c:/program files (x86)/atmel/atmel toolchain/arm gcc/native/4.8.1429/arm-gnu-toolchain/bin/../lib/gcc/arm-none-eabi/4.8.3/../../../../arm-none-eabi/lib/armv6-m\libc.a(lib_a-atexit.o)
 .debug_abbrev  0x00002f6f       0xb6 c:/program files (x86)/atmel/atmel toolchain/arm gcc/native/4.8.1429/arm-gnu-toolchain/bin/../lib/gcc/arm-none-eabi/4.8.3/../../../../arm-none-eabi/lib/armv6-m\libc.a(lib_a-fini.o)
 .debug_abbrev  0x00003025      0x1ef c:/program files (x86)/atmel/atmel toolchain/arm gcc/native/4.8.1429/arm-gnu-toolchain/bin/../lib/gcc/arm-none-eabi/4.8.3/../../../../arm-none-eabi/lib/armv6-m\libc.a(lib_a-__atexit.o)

.debug_loc      0x00000000     0xb622
 .debug_loc     0x00000000     0x4be3 src/ASF/common2/components/memory/serial_flash/at25dfx/at25dfx.o
 .debug_loc     0x00004be3       0x1e src/ASF/common/utils/interrupt/interrupt_sam_nvic.o
 .debug_loc     0x00004c01       0x59 src/ASF/sam0/boards/samd21_xplained_pro/board_init.o
 .debug_loc     0x00004c5a      0x16d src/ASF/sam0/drivers/port/port.o
 .debug_loc     0x00004dc7      0x7d2 src/ASF/sam0/drivers/sercom/sercom.o
 .debug_loc     0x00005599      0x208 src/ASF/sam0/drivers/sercom/sercom_interrupt.o
 .debug_loc     0x000057a1     0x2ba4 src/ASF/sam0/drivers/sercom/spi/spi.o
 .debug_loc     0x00008345      0xe48 src/ASF/sam0/drivers/sercom/usart/usart.o
 .debug_loc     0x0000918d      0x5d4 src/ASF/sam0/drivers/sercom/usart/usart_interrupt.o
 .debug_loc     0x00009761     0x1050 src/ASF/sam0/drivers/system/clock/clock_samd21_r21/clock.o
 .debug_loc     0x0000a7b1      0x48e src/ASF/sam0/drivers/system/clock/clock_samd21_r21/gclk.o
 .debug_loc     0x0000ac3f      0x2cc src/ASF/sam0/drivers/system/pinmux/pinmux.o
 .debug_loc     0x0000af0b       0x20 src/ASF/sam0/drivers/system/system.o
 .debug_loc     0x0000af2b       0x7c src/ASF/sam0/utils/cmsis/samd21/source/gcc/startup_samd21.o
 .debug_loc     0x0000afa7      0x142 src/main.o
 .debug_loc     0x0000b0e9       0x74 c:/program files (x86)/atmel/atmel toolchain/arm gcc/native/4.8.1429/arm-gnu-toolchain/bin/../lib/gcc/arm-none-eabi/4.8.3/../../../../arm-none-eabi/lib/armv6-m\libc.a(lib_a-init.o)
 .debug_loc     0x0000b15d       0xef c:/program files (x86)/atmel/atmel toolchain/arm gcc/native/4.8.1429/arm-gnu-toolchain/bin/../lib/gcc/arm-none-eabi/4.8.3/../../../../arm-none-eabi/lib/armv6-m\libc.a(lib_a-memcpy-stub.o)
 .debug_loc     0x0000b24c      0x1f3 c:/program files (x86)/atmel/atmel toolchain/arm gcc/native/4.8.1429/arm-gnu-toolchain/bin/../lib/gcc/arm-none-eabi/4.8.3/../../../../arm-none-eabi/lib/armv6-m\libc.a(lib_a-__call_atexit.o)
 .debug_loc     0x0000b43f       0x4c c:/program files (x86)/atmel/atmel toolchain/arm gcc/native/4.8.1429/arm-gnu-toolchain/bin/../lib/gcc/arm-none-eabi/4.8.3/../../../../arm-none-eabi/lib/armv6-m\libc.a(lib_a-atexit.o)
 .debug_loc     0x0000b48b       0x4b c:/program files (x86)/atmel/atmel toolchain/arm gcc/native/4.8.1429/arm-gnu-toolchain/bin/../lib/gcc/arm-none-eabi/4.8.3/../../../../arm-none-eabi/lib/armv6-m\libc.a(lib_a-fini.o)
 .debug_loc     0x0000b4d6      0x14c c:/program files (x86)/atmel/atmel toolchain/arm gcc/native/4.8.1429/arm-gnu-toolchain/bin/../lib/gcc/arm-none-eabi/4.8.3/../../../../arm-none-eabi/lib/armv6-m\libc.a(lib_a-__atexit.o)

.debug_aranges  0x00000000      0x530
 .debug_aranges
                0x00000000       0x68 src/ASF/common2/components/memory/serial_flash/at25dfx/at25dfx.o
 .debug_aranges
                0x00000068       0x28 src/ASF/common2/services/delay/sam0/cycle_counter.o
 .debug_aranges
                0x00000090       0x28 src/ASF/common/utils/interrupt/interrupt_sam_nvic.o
 .debug_aranges
                0x000000b8       0x20 src/ASF/sam0/boards/samd21_xplained_pro/board_init.o
 .debug_aranges
                0x000000d8       0x28 src/ASF/sam0/drivers/port/port.o
 .debug_aranges
                0x00000100       0x38 src/ASF/sam0/drivers/sercom/sercom.o
 .debug_aranges
                0x00000138       0x68 src/ASF/sam0/drivers/sercom/sercom_interrupt.o
 .debug_aranges
                0x000001a0       0x58 src/ASF/sam0/drivers/sercom/spi/spi.o
 .debug_aranges
                0x000001f8       0x40 src/ASF/sam0/drivers/sercom/usart/usart.o
 .debug_aranges
                0x00000238       0x70 src/ASF/sam0/drivers/sercom/usart/usart_interrupt.o
 .debug_aranges
                0x000002a8       0x78 src/ASF/sam0/drivers/system/clock/clock_samd21_r21/clock.o
 .debug_aranges
                0x00000320       0x80 src/ASF/sam0/drivers/system/clock/clock_samd21_r21/gclk.o
 .debug_aranges
                0x000003a0       0x38 src/ASF/sam0/drivers/system/pinmux/pinmux.o
 .debug_aranges
                0x000003d8       0x28 src/ASF/sam0/drivers/system/system.o
 .debug_aranges
                0x00000400       0x28 src/ASF/sam0/utils/cmsis/samd21/source/gcc/startup_samd21.o
 .debug_aranges
                0x00000428       0x28 src/main.o
 .debug_aranges
                0x00000450       0x18 c:/program files (x86)/atmel/atmel toolchain/arm gcc/native/4.8.1429/arm-gnu-toolchain/bin/../lib/gcc/arm-none-eabi/4.8.3/../../../../arm-none-eabi/lib/armv6-m\libc.a(lib_a-impure.o)
 .debug_aranges
                0x00000468       0x20 c:/program files (x86)/atmel/atmel toolchain/arm gcc/native/4.8.1429/arm-gnu-toolchain/bin/../lib/gcc/arm-none-eabi/4.8.3/../../../../arm-none-eabi/lib/armv6-m\libc.a(lib_a-init.o)
 .debug_aranges
                0x00000488       0x20 c:/program files (x86)/atmel/atmel toolchain/arm gcc/native/4.8.1429/arm-gnu-toolchain/bin/../lib/gcc/arm-none-eabi/4.8.3/../../../../arm-none-eabi/lib/armv6-m\libc.a(lib_a-memcpy-stub.o)
 .debug_aranges
                0x000004a8       0x28 c:/program files (x86)/atmel/atmel toolchain/arm gcc/native/4.8.1429/arm-gnu-toolchain/bin/../lib/gcc/arm-none-eabi/4.8.3/../../../../arm-none-eabi/lib/armv6-m\libc.a(lib_a-__call_atexit.o)
 .debug_aranges
                0x000004d0       0x20 c:/program files (x86)/atmel/atmel toolchain/arm gcc/native/4.8.1429/arm-gnu-toolchain/bin/../lib/gcc/arm-none-eabi/4.8.3/../../../../arm-none-eabi/lib/armv6-m\libc.a(lib_a-atexit.o)
 .debug_aranges
                0x000004f0       0x20 c:/program files (x86)/atmel/atmel toolchain/arm gcc/native/4.8.1429/arm-gnu-toolchain/bin/../lib/gcc/arm-none-eabi/4.8.3/../../../../arm-none-eabi/lib/armv6-m\libc.a(lib_a-fini.o)
 .debug_aranges
                0x00000510       0x20 c:/program files (x86)/atmel/atmel toolchain/arm gcc/native/4.8.1429/arm-gnu-toolchain/bin/../lib/gcc/arm-none-eabi/4.8.3/../../../../arm-none-eabi/lib/armv6-m\libc.a(lib_a-__atexit.o)

.debug_ranges   0x00000000     0x1448
 .debug_ranges  0x00000000      0xc40 src/ASF/common2/components/memory/serial_flash/at25dfx/at25dfx.o
 .debug_ranges  0x00000c40       0x18 src/ASF/common2/services/delay/sam0/cycle_counter.o
 .debug_ranges  0x00000c58       0x18 src/ASF/common/utils/interrupt/interrupt_sam_nvic.o
 .debug_ranges  0x00000c70       0x10 src/ASF/sam0/boards/samd21_xplained_pro/board_init.o
 .debug_ranges  0x00000c80       0x18 src/ASF/sam0/drivers/port/port.o
 .debug_ranges  0x00000c98       0x28 src/ASF/sam0/drivers/sercom/sercom.o
 .debug_ranges  0x00000cc0       0x58 src/ASF/sam0/drivers/sercom/sercom_interrupt.o
 .debug_ranges  0x00000d18      0x450 src/ASF/sam0/drivers/sercom/spi/spi.o
 .debug_ranges  0x00001168       0xf0 src/ASF/sam0/drivers/sercom/usart/usart.o
 .debug_ranges  0x00001258       0x60 src/ASF/sam0/drivers/sercom/usart/usart_interrupt.o
 .debug_ranges  0x000012b8       0x68 src/ASF/sam0/drivers/system/clock/clock_samd21_r21/clock.o
 .debug_ranges  0x00001320       0x70 src/ASF/sam0/drivers/system/clock/clock_samd21_r21/gclk.o
 .debug_ranges  0x00001390       0x28 src/ASF/sam0/drivers/system/pinmux/pinmux.o
 .debug_ranges  0x000013b8       0x18 src/ASF/sam0/drivers/system/system.o
 .debug_ranges  0x000013d0       0x18 src/ASF/sam0/utils/cmsis/samd21/source/gcc/startup_samd21.o
 .debug_ranges  0x000013e8       0x48 src/main.o
 .debug_ranges  0x00001430       0x18 c:/program files (x86)/atmel/atmel toolchain/arm gcc/native/4.8.1429/arm-gnu-toolchain/bin/../lib/gcc/arm-none-eabi/4.8.3/../../../../arm-none-eabi/lib/armv6-m\libc.a(lib_a-__call_atexit.o)

.debug_macro    0x00000000    0x18989
 .debug_macro   0x00000000      0x54e src/ASF/common2/components/memory/serial_flash/at25dfx/at25dfx.o
 .debug_macro   0x0000054e      0x83e src/ASF/common2/components/memory/serial_flash/at25dfx/at25dfx.o
 .debug_macro   0x00000d8c      0x166 src/ASF/common2/components/memory/serial_flash/at25dfx/at25dfx.o
 .debug_macro   0x00000ef2      0x476 src/ASF/common2/components/memory/serial_flash/at25dfx/at25dfx.o
 .debug_macro   0x00001368       0x52 src/ASF/common2/components/memory/serial_flash/at25dfx/at25dfx.o
 .debug_macro   0x000013ba       0x16 src/ASF/common2/components/memory/serial_flash/at25dfx/at25dfx.o
 .debug_macro   0x000013d0       0x35 src/ASF/common2/components/memory/serial_flash/at25dfx/at25dfx.o
 .debug_macro   0x00001405       0xa3 src/ASF/common2/components/memory/serial_flash/at25dfx/at25dfx.o
 .debug_macro   0x000014a8      0x20e src/ASF/common2/components/memory/serial_flash/at25dfx/at25dfx.o
 .debug_macro   0x000016b6       0x10 src/ASF/common2/components/memory/serial_flash/at25dfx/at25dfx.o
 .debug_macro   0x000016c6       0x76 src/ASF/common2/components/memory/serial_flash/at25dfx/at25dfx.o
 .debug_macro   0x0000173c       0x16 src/ASF/common2/components/memory/serial_flash/at25dfx/at25dfx.o
 .debug_macro   0x00001752      0x6e2 src/ASF/common2/components/memory/serial_flash/at25dfx/at25dfx.o
 .debug_macro   0x00001e34      0xddf src/ASF/common2/components/memory/serial_flash/at25dfx/at25dfx.o
 .debug_macro   0x00002c13       0x22 src/ASF/common2/components/memory/serial_flash/at25dfx/at25dfx.o
 .debug_macro   0x00002c35       0x40 src/ASF/common2/components/memory/serial_flash/at25dfx/at25dfx.o
 .debug_macro   0x00002c75       0x3a src/ASF/common2/components/memory/serial_flash/at25dfx/at25dfx.o
 .debug_macro   0x00002caf      0x24f src/ASF/common2/components/memory/serial_flash/at25dfx/at25dfx.o
 .debug_macro   0x00002efe      0x682 src/ASF/common2/components/memory/serial_flash/at25dfx/at25dfx.o
 .debug_macro   0x00003580      0x8bf src/ASF/common2/components/memory/serial_flash/at25dfx/at25dfx.o
 .debug_macro   0x00003e3f      0x235 src/ASF/common2/components/memory/serial_flash/at25dfx/at25dfx.o
 .debug_macro   0x00004074      0xc67 src/ASF/common2/components/memory/serial_flash/at25dfx/at25dfx.o
 .debug_macro   0x00004cdb      0x4ce src/ASF/common2/components/memory/serial_flash/at25dfx/at25dfx.o
 .debug_macro   0x000051a9      0x9f8 src/ASF/common2/components/memory/serial_flash/at25dfx/at25dfx.o
 .debug_macro   0x00005ba1      0x82b src/ASF/common2/components/memory/serial_flash/at25dfx/at25dfx.o
 .debug_macro   0x000063cc      0x24b src/ASF/common2/components/memory/serial_flash/at25dfx/at25dfx.o
 .debug_macro   0x00006617      0x906 src/ASF/common2/components/memory/serial_flash/at25dfx/at25dfx.o
 .debug_macro   0x00006f1d      0x225 src/ASF/common2/components/memory/serial_flash/at25dfx/at25dfx.o
 .debug_macro   0x00007142      0x77b src/ASF/common2/components/memory/serial_flash/at25dfx/at25dfx.o
 .debug_macro   0x000078bd       0x5e src/ASF/common2/components/memory/serial_flash/at25dfx/at25dfx.o
 .debug_macro   0x0000791b      0x626 src/ASF/common2/components/memory/serial_flash/at25dfx/at25dfx.o
 .debug_macro   0x00007f41      0x3b6 src/ASF/common2/components/memory/serial_flash/at25dfx/at25dfx.o
 .debug_macro   0x000082f7      0xc55 src/ASF/common2/components/memory/serial_flash/at25dfx/at25dfx.o
 .debug_macro   0x00008f4c     0x1092 src/ASF/common2/components/memory/serial_flash/at25dfx/at25dfx.o
 .debug_macro   0x00009fde      0xc4a src/ASF/common2/components/memory/serial_flash/at25dfx/at25dfx.o
 .debug_macro   0x0000ac28      0x6bf src/ASF/common2/components/memory/serial_flash/at25dfx/at25dfx.o
 .debug_macro   0x0000b2e7     0x1873 src/ASF/common2/components/memory/serial_flash/at25dfx/at25dfx.o
 .debug_macro   0x0000cb5a     0x13be src/ASF/common2/components/memory/serial_flash/at25dfx/at25dfx.o
 .debug_macro   0x0000df18      0x34e src/ASF/common2/components/memory/serial_flash/at25dfx/at25dfx.o
 .debug_macro   0x0000e266       0x7c src/ASF/common2/components/memory/serial_flash/at25dfx/at25dfx.o
 .debug_macro   0x0000e2e2       0xa0 src/ASF/common2/components/memory/serial_flash/at25dfx/at25dfx.o
 .debug_macro   0x0000e382       0x4c src/ASF/common2/components/memory/serial_flash/at25dfx/at25dfx.o
 .debug_macro   0x0000e3ce       0xc4 src/ASF/common2/components/memory/serial_flash/at25dfx/at25dfx.o
 .debug_macro   0x0000e492       0x94 src/ASF/common2/components/memory/serial_flash/at25dfx/at25dfx.o
 .debug_macro   0x0000e526       0x58 src/ASF/common2/components/memory/serial_flash/at25dfx/at25dfx.o
 .debug_macro   0x0000e57e      0x364 src/ASF/common2/components/memory/serial_flash/at25dfx/at25dfx.o
 .debug_macro   0x0000e8e2       0x82 src/ASF/common2/components/memory/serial_flash/at25dfx/at25dfx.o
 .debug_macro   0x0000e964       0xb8 src/ASF/common2/components/memory/serial_flash/at25dfx/at25dfx.o
 .debug_macro   0x0000ea1c       0xa0 src/ASF/common2/components/memory/serial_flash/at25dfx/at25dfx.o
 .debug_macro   0x0000eabc       0xb8 src/ASF/common2/components/memory/serial_flash/at25dfx/at25dfx.o
 .debug_macro   0x0000eb74       0x1c src/ASF/common2/components/memory/serial_flash/at25dfx/at25dfx.o
 .debug_macro   0x0000eb90       0x1c src/ASF/common2/components/memory/serial_flash/at25dfx/at25dfx.o
 .debug_macro   0x0000ebac       0x1c src/ASF/common2/components/memory/serial_flash/at25dfx/at25dfx.o
 .debug_macro   0x0000ebc8       0x7c src/ASF/common2/components/memory/serial_flash/at25dfx/at25dfx.o
 .debug_macro   0x0000ec44      0x161 src/ASF/common2/components/memory/serial_flash/at25dfx/at25dfx.o
 .debug_macro   0x0000eda5       0xdc src/ASF/common2/components/memory/serial_flash/at25dfx/at25dfx.o
 .debug_macro   0x0000ee81      0x12f src/ASF/common2/components/memory/serial_flash/at25dfx/at25dfx.o
 .debug_macro   0x0000efb0      0x12f src/ASF/common2/components/memory/serial_flash/at25dfx/at25dfx.o
 .debug_macro   0x0000f0df      0x12f src/ASF/common2/components/memory/serial_flash/at25dfx/at25dfx.o
 .debug_macro   0x0000f20e      0x12f src/ASF/common2/components/memory/serial_flash/at25dfx/at25dfx.o
 .debug_macro   0x0000f33d      0x12f src/ASF/common2/components/memory/serial_flash/at25dfx/at25dfx.o
 .debug_macro   0x0000f46c      0x12f src/ASF/common2/components/memory/serial_flash/at25dfx/at25dfx.o
 .debug_macro   0x0000f59b      0x11e src/ASF/common2/components/memory/serial_flash/at25dfx/at25dfx.o
 .debug_macro   0x0000f6b9       0xe2 src/ASF/common2/components/memory/serial_flash/at25dfx/at25dfx.o
 .debug_macro   0x0000f79b       0xe2 src/ASF/common2/components/memory/serial_flash/at25dfx/at25dfx.o
 .debug_macro   0x0000f87d       0xe2 src/ASF/common2/components/memory/serial_flash/at25dfx/at25dfx.o
 .debug_macro   0x0000f95f       0xe2 src/ASF/common2/components/memory/serial_flash/at25dfx/at25dfx.o
 .debug_macro   0x0000fa41       0xe2 src/ASF/common2/components/memory/serial_flash/at25dfx/at25dfx.o
 .debug_macro   0x0000fb23      0x12c src/ASF/common2/components/memory/serial_flash/at25dfx/at25dfx.o
 .debug_macro   0x0000fc4f      0x100 src/ASF/common2/components/memory/serial_flash/at25dfx/at25dfx.o
 .debug_macro   0x0000fd4f       0xf4 src/ASF/common2/components/memory/serial_flash/at25dfx/at25dfx.o
 .debug_macro   0x0000fe43      0x408 src/ASF/common2/components/memory/serial_flash/at25dfx/at25dfx.o
 .debug_macro   0x0001024b       0x40 src/ASF/common2/components/memory/serial_flash/at25dfx/at25dfx.o
 .debug_macro   0x0001028b      0x361 src/ASF/common2/components/memory/serial_flash/at25dfx/at25dfx.o
 .debug_macro   0x000105ec     0x1fc5 src/ASF/common2/components/memory/serial_flash/at25dfx/at25dfx.o
 .debug_macro   0x000125b1       0x51 src/ASF/common2/components/memory/serial_flash/at25dfx/at25dfx.o
 .debug_macro   0x00012602       0x16 src/ASF/common2/components/memory/serial_flash/at25dfx/at25dfx.o
 .debug_macro   0x00012618       0x35 src/ASF/common2/components/memory/serial_flash/at25dfx/at25dfx.o
 .debug_macro   0x0001264d       0x10 src/ASF/common2/components/memory/serial_flash/at25dfx/at25dfx.o
 .debug_macro   0x0001265d       0x3a src/ASF/common2/components/memory/serial_flash/at25dfx/at25dfx.o
 .debug_macro   0x00012697       0x52 src/ASF/common2/components/memory/serial_flash/at25dfx/at25dfx.o
 .debug_macro   0x000126e9       0x16 src/ASF/common2/components/memory/serial_flash/at25dfx/at25dfx.o
 .debug_macro   0x000126ff       0x43 src/ASF/common2/components/memory/serial_flash/at25dfx/at25dfx.o
 .debug_macro   0x00012742      0x180 src/ASF/common2/components/memory/serial_flash/at25dfx/at25dfx.o
 .debug_macro   0x000128c2       0x10 src/ASF/common2/components/memory/serial_flash/at25dfx/at25dfx.o
 .debug_macro   0x000128d2       0x22 src/ASF/common2/components/memory/serial_flash/at25dfx/at25dfx.o
 .debug_macro   0x000128f4       0xbd src/ASF/common2/components/memory/serial_flash/at25dfx/at25dfx.o
 .debug_macro   0x000129b1       0x16 src/ASF/common2/components/memory/serial_flash/at25dfx/at25dfx.o
 .debug_macro   0x000129c7      0x16c src/ASF/common2/components/memory/serial_flash/at25dfx/at25dfx.o
 .debug_macro   0x00012b33       0x16 src/ASF/common2/components/memory/serial_flash/at25dfx/at25dfx.o
 .debug_macro   0x00012b49       0x16 src/ASF/common2/components/memory/serial_flash/at25dfx/at25dfx.o
 .debug_macro   0x00012b5f       0x29 src/ASF/common2/components/memory/serial_flash/at25dfx/at25dfx.o
 .debug_macro   0x00012b88       0x51 src/ASF/common2/components/memory/serial_flash/at25dfx/at25dfx.o
 .debug_macro   0x00012bd9       0x3f src/ASF/common2/components/memory/serial_flash/at25dfx/at25dfx.o
 .debug_macro   0x00012c18      0x3df src/ASF/common2/components/memory/serial_flash/at25dfx/at25dfx.o
 .debug_macro   0x00012ff7       0x11 src/ASF/common2/components/memory/serial_flash/at25dfx/at25dfx.o
 .debug_macro   0x00013008       0x12 src/ASF/common2/components/memory/serial_flash/at25dfx/at25dfx.o
 .debug_macro   0x0001301a       0x2e src/ASF/common2/components/memory/serial_flash/at25dfx/at25dfx.o
 .debug_macro   0x00013048       0x9a src/ASF/common2/components/memory/serial_flash/at25dfx/at25dfx.o
 .debug_macro   0x000130e2       0x10 src/ASF/common2/components/memory/serial_flash/at25dfx/at25dfx.o
 .debug_macro   0x000130f2      0x2a3 src/ASF/common2/components/memory/serial_flash/at25dfx/at25dfx.o
 .debug_macro   0x00013395       0x10 src/ASF/common2/components/memory/serial_flash/at25dfx/at25dfx.o
 .debug_macro   0x000133a5       0x1f src/ASF/common2/components/memory/serial_flash/at25dfx/at25dfx.o
 .debug_macro   0x000133c4       0x1c src/ASF/common2/components/memory/serial_flash/at25dfx/at25dfx.o
 .debug_macro   0x000133e0       0x35 src/ASF/common2/components/memory/serial_flash/at25dfx/at25dfx.o
 .debug_macro   0x00013415       0x16 src/ASF/common2/components/memory/serial_flash/at25dfx/at25dfx.o
 .debug_macro   0x0001342b      0x48a src/ASF/common2/services/delay/sam0/cycle_counter.o
 .debug_macro   0x000138b5       0x2e src/ASF/common2/services/delay/sam0/cycle_counter.o
 .debug_macro   0x000138e3       0x16 src/ASF/common2/services/delay/sam0/cycle_counter.o
 .debug_macro   0x000138f9      0x450 src/ASF/common/utils/interrupt/interrupt_sam_nvic.o
 .debug_macro   0x00013d49      0x48c src/ASF/sam0/boards/samd21_xplained_pro/board_init.o
 .debug_macro   0x000141d5      0x229 src/ASF/sam0/boards/samd21_xplained_pro/board_init.o
 .debug_macro   0x000143fe      0x9da src/ASF/sam0/boards/samd21_xplained_pro/board_init.o
 .debug_macro   0x00014dd8      0x46a src/ASF/sam0/drivers/port/port.o
 .debug_macro   0x00015242      0x4d5 src/ASF/sam0/drivers/sercom/sercom.o
 .debug_macro   0x00015717      0x4d2 src/ASF/sam0/drivers/sercom/sercom_interrupt.o
 .debug_macro   0x00015be9       0x94 src/ASF/sam0/drivers/sercom/sercom_interrupt.o
 .debug_macro   0x00015c7d      0x523 src/ASF/sam0/drivers/sercom/spi/spi.o
 .debug_macro   0x000161a0      0x4dc src/ASF/sam0/drivers/sercom/usart/usart.o
 .debug_macro   0x0001667c       0x51 src/ASF/sam0/drivers/sercom/usart/usart.o
 .debug_macro   0x000166cd      0x4dc src/ASF/sam0/drivers/sercom/usart/usart_interrupt.o
 .debug_macro   0x00016ba9      0x4ae src/ASF/sam0/drivers/system/clock/clock_samd21_r21/clock.o
 .debug_macro   0x00017057      0x26b src/ASF/sam0/drivers/system/clock/clock_samd21_r21/clock.o
 .debug_macro   0x000172c2      0x47a src/ASF/sam0/drivers/system/clock/clock_samd21_r21/gclk.o
 .debug_macro   0x0001773c       0x11 src/ASF/sam0/drivers/system/clock/clock_samd21_r21/gclk.o
 .debug_macro   0x0001774d      0x462 src/ASF/sam0/drivers/system/pinmux/pinmux.o
 .debug_macro   0x00017baf      0x47f src/ASF/sam0/drivers/system/system.o
 .debug_macro   0x0001802e      0x2e5 src/ASF/sam0/utils/cmsis/samd21/source/gcc/startup_samd21.o
 .debug_macro   0x00018313       0x3a src/ASF/sam0/utils/cmsis/samd21/source/gcc/startup_samd21.o
 .debug_macro   0x0001834d      0x5bf src/main.o
 .debug_macro   0x0001890c       0x34 src/main.o
 .debug_macro   0x00018940       0x49 src/main.o

.debug_line     0x00000000     0xbc05
 .debug_line    0x00000000     0x1521 src/ASF/common2/components/memory/serial_flash/at25dfx/at25dfx.o
 .debug_line    0x00001521      0x8af src/ASF/common2/services/delay/sam0/cycle_counter.o
 .debug_line    0x00001dd0      0x84c src/ASF/common/utils/interrupt/interrupt_sam_nvic.o
 .debug_line    0x0000261c      0x8f5 src/ASF/sam0/boards/samd21_xplained_pro/board_init.o
 .debug_line    0x00002f11      0x87a src/ASF/sam0/drivers/port/port.o
 .debug_line    0x0000378b      0xa4f src/ASF/sam0/drivers/sercom/sercom.o
 .debug_line    0x000041da      0xa40 src/ASF/sam0/drivers/sercom/sercom_interrupt.o
 .debug_line    0x00004c1a     0x1229 src/ASF/sam0/drivers/sercom/spi/spi.o
 .debug_line    0x00005e43      0xbb1 src/ASF/sam0/drivers/sercom/usart/usart.o
 .debug_line    0x000069f4      0xb22 src/ASF/sam0/drivers/sercom/usart/usart_interrupt.o
 .debug_line    0x00007516      0xb15 src/ASF/sam0/drivers/system/clock/clock_samd21_r21/clock.o
 .debug_line    0x0000802b      0xbf1 src/ASF/sam0/drivers/system/clock/clock_samd21_r21/gclk.o
 .debug_line    0x00008c1c      0x894 src/ASF/sam0/drivers/system/pinmux/pinmux.o
 .debug_line    0x000094b0      0x8a0 src/ASF/sam0/drivers/system/system.o
 .debug_line    0x00009d50      0x66b src/ASF/sam0/utils/cmsis/samd21/source/gcc/startup_samd21.o
 .debug_line    0x0000a3bb      0xd3a src/main.o
 .debug_line    0x0000b0f5      0x183 c:/program files (x86)/atmel/atmel toolchain/arm gcc/native/4.8.1429/arm-gnu-toolchain/bin/../lib/gcc/arm-none-eabi/4.8.3/../../../../arm-none-eabi/lib/armv6-m\libc.a(lib_a-impure.o)
 .debug_line    0x0000b278      0x134 c:/program files (x86)/atmel/atmel toolchain/arm gcc/native/4.8.1429/arm-gnu-toolchain/bin/../lib/gcc/arm-none-eabi/4.8.3/../../../../arm-none-eabi/lib/armv6-m\libc.a(lib_a-init.o)
 .debug_line    0x0000b3ac      0x198 c:/program files (x86)/atmel/atmel toolchain/arm gcc/native/4.8.1429/arm-gnu-toolchain/bin/../lib/gcc/arm-none-eabi/4.8.3/../../../../arm-none-eabi/lib/armv6-m\libc.a(lib_a-memcpy-stub.o)
 .debug_line    0x0000b544      0x267 c:/program files (x86)/atmel/atmel toolchain/arm gcc/native/4.8.1429/arm-gnu-toolchain/bin/../lib/gcc/arm-none-eabi/4.8.3/../../../../arm-none-eabi/lib/armv6-m\libc.a(lib_a-__call_atexit.o)
 .debug_line    0x0000b7ab      0x10a c:/program files (x86)/atmel/atmel toolchain/arm gcc/native/4.8.1429/arm-gnu-toolchain/bin/../lib/gcc/arm-none-eabi/4.8.3/../../../../arm-none-eabi/lib/armv6-m\libc.a(lib_a-atexit.o)
 .debug_line    0x0000b8b5      0x11b c:/program files (x86)/atmel/atmel toolchain/arm gcc/native/4.8.1429/arm-gnu-toolchain/bin/../lib/gcc/arm-none-eabi/4.8.3/../../../../arm-none-eabi/lib/armv6-m\libc.a(lib_a-fini.o)
 .debug_line    0x0000b9d0      0x235 c:/program files (x86)/atmel/atmel toolchain/arm gcc/native/4.8.1429/arm-gnu-toolchain/bin/../lib/gcc/arm-none-eabi/4.8.3/../../../../arm-none-eabi/lib/armv6-m\libc.a(lib_a-__atexit.o)

.debug_str      0x00000000    0x84dfc
 .debug_str     0x00000000    0x7b627 src/ASF/common2/components/memory/serial_flash/at25dfx/at25dfx.o
                              0x7bb6c (size before relaxing)
 .debug_str     0x0007b627      0x287 src/ASF/common2/services/delay/sam0/cycle_counter.o
                              0x7921d (size before relaxing)
 .debug_str     0x0007b8ae       0x94 src/ASF/common/utils/interrupt/interrupt_sam_nvic.o
                              0x78fc9 (size before relaxing)
 .debug_str     0x0007b942     0x3af0 src/ASF/sam0/boards/samd21_xplained_pro/board_init.o
                              0x7cccf (size before relaxing)
 .debug_str     0x0007f432      0x165 src/ASF/sam0/drivers/port/port.o
                              0x79389 (size before relaxing)
 .debug_str     0x0007f597      0x5ab src/ASF/sam0/drivers/sercom/sercom.o
                              0x7a561 (size before relaxing)
 .debug_str     0x0007fb42      0x5ab src/ASF/sam0/drivers/sercom/sercom_interrupt.o
                              0x7a4c0 (size before relaxing)
 .debug_str     0x000800ed      0xc25 src/ASF/sam0/drivers/sercom/spi/spi.o
                              0x7c798 (size before relaxing)
 .debug_str     0x00080d12      0x861 src/ASF/sam0/drivers/sercom/usart/usart.o
                              0x7b239 (size before relaxing)
 .debug_str     0x00081573      0x198 src/ASF/sam0/drivers/sercom/usart/usart_interrupt.o
                              0x7a58b (size before relaxing)
 .debug_str     0x0008170b     0x263c src/ASF/sam0/drivers/system/clock/clock_samd21_r21/clock.o
                              0x7be1f (size before relaxing)
 .debug_str     0x00083d47      0x282 src/ASF/sam0/drivers/system/clock/clock_samd21_r21/gclk.o
                              0x79b7e (size before relaxing)
 .debug_str     0x00083fc9      0x130 src/ASF/sam0/drivers/system/pinmux/pinmux.o
                              0x793b6 (size before relaxing)
 .debug_str     0x000840f9       0x47 src/ASF/sam0/drivers/system/system.o
                              0x79009 (size before relaxing)
 .debug_str     0x00084140      0x3b1 src/ASF/sam0/utils/cmsis/samd21/source/gcc/startup_samd21.o
                              0x67bf0 (size before relaxing)
 .debug_str     0x000844f1      0x462 src/main.o
                              0x80475 (size before relaxing)
 .debug_str     0x00084953      0x111 c:/program files (x86)/atmel/atmel toolchain/arm gcc/native/4.8.1429/arm-gnu-toolchain/bin/../lib/gcc/arm-none-eabi/4.8.3/../../../../arm-none-eabi/lib/armv6-m\libc.a(lib_a-impure.o)
                                0x578 (size before relaxing)
 .debug_str     0x00084a64       0xc0 c:/program files (x86)/atmel/atmel toolchain/arm gcc/native/4.8.1429/arm-gnu-toolchain/bin/../lib/gcc/arm-none-eabi/4.8.3/../../../../arm-none-eabi/lib/armv6-m\libc.a(lib_a-init.o)
                                0x207 (size before relaxing)
 .debug_str     0x00084b24       0x7d c:/program files (x86)/atmel/atmel toolchain/arm gcc/native/4.8.1429/arm-gnu-toolchain/bin/../lib/gcc/arm-none-eabi/4.8.3/../../../../arm-none-eabi/lib/armv6-m\libc.a(lib_a-memcpy-stub.o)
                                0x1c4 (size before relaxing)
 .debug_str     0x00084ba1       0xc9 c:/program files (x86)/atmel/atmel toolchain/arm gcc/native/4.8.1429/arm-gnu-toolchain/bin/../lib/gcc/arm-none-eabi/4.8.3/../../../../arm-none-eabi/lib/armv6-m\libc.a(lib_a-__call_atexit.o)
                                0x5d7 (size before relaxing)
 .debug_str     0x00084c6a       0xa8 c:/program files (x86)/atmel/atmel toolchain/arm gcc/native/4.8.1429/arm-gnu-toolchain/bin/../lib/gcc/arm-none-eabi/4.8.3/../../../../arm-none-eabi/lib/armv6-m\libc.a(lib_a-atexit.o)
                                0x1e3 (size before relaxing)
 .debug_str     0x00084d12       0x84 c:/program files (x86)/atmel/atmel toolchain/arm gcc/native/4.8.1429/arm-gnu-toolchain/bin/../lib/gcc/arm-none-eabi/4.8.3/../../../../arm-none-eabi/lib/armv6-m\libc.a(lib_a-fini.o)
                                0x1dd (size before relaxing)
 .debug_str     0x00084d96       0x66 c:/program files (x86)/atmel/atmel toolchain/arm gcc/native/4.8.1429/arm-gnu-toolchain/bin/../lib/gcc/arm-none-eabi/4.8.3/../../../../arm-none-eabi/lib/armv6-m\libc.a(lib_a-__atexit.o)
                                0x5bf (size before relaxing)

.debug_frame    0x00000000      0xc9c
 .debug_frame   0x00000000      0x158 src/ASF/common2/components/memory/serial_flash/at25dfx/at25dfx.o
 .debug_frame   0x00000158       0x30 src/ASF/common2/services/delay/sam0/cycle_counter.o
 .debug_frame   0x00000188       0x30 src/ASF/common/utils/interrupt/interrupt_sam_nvic.o
 .debug_frame   0x000001b8       0x30 src/ASF/sam0/boards/samd21_xplained_pro/board_init.o
 .debug_frame   0x000001e8       0x44 src/ASF/sam0/drivers/port/port.o
 .debug_frame   0x0000022c       0x78 src/ASF/sam0/drivers/sercom/sercom.o
 .debug_frame   0x000002a4      0x10c src/ASF/sam0/drivers/sercom/sercom_interrupt.o
 .debug_frame   0x000003b0      0x128 src/ASF/sam0/drivers/sercom/spi/spi.o
 .debug_frame   0x000004d8       0xc0 src/ASF/sam0/drivers/sercom/usart/usart.o
 .debug_frame   0x00000598       0xec src/ASF/sam0/drivers/sercom/usart/usart_interrupt.o
 .debug_frame   0x00000684      0x14c src/ASF/sam0/drivers/system/clock/clock_samd21_r21/clock.o
 .debug_frame   0x000007d0      0x14c src/ASF/sam0/drivers/system/clock/clock_samd21_r21/gclk.o
 .debug_frame   0x0000091c       0x7c src/ASF/sam0/drivers/system/pinmux/pinmux.o
 .debug_frame   0x00000998       0x38 src/ASF/sam0/drivers/system/system.o
 .debug_frame   0x000009d0       0x38 src/ASF/sam0/utils/cmsis/samd21/source/gcc/startup_samd21.o
 .debug_frame   0x00000a08       0x58 src/main.o
 .debug_frame   0x00000a60       0x20 c:/program files (x86)/atmel/atmel toolchain/arm gcc/native/4.8.1429/arm-gnu-toolchain/bin/../lib/gcc/arm-none-eabi/4.8.3/armv6-m\libgcc.a(_udivsi3.o)
 .debug_frame   0x00000a80       0x30 c:/program files (x86)/atmel/atmel toolchain/arm gcc/native/4.8.1429/arm-gnu-toolchain/bin/../lib/gcc/arm-none-eabi/4.8.3/armv6-m\libgcc.a(_muldi3.o)
 .debug_frame   0x00000ab0       0x50 c:/program files (x86)/atmel/atmel toolchain/arm gcc/native/4.8.1429/arm-gnu-toolchain/bin/../lib/gcc/arm-none-eabi/4.8.3/armv6-m\libgcc.a(bpabi.o)
 .debug_frame   0x00000b00       0x3c c:/program files (x86)/atmel/atmel toolchain/arm gcc/native/4.8.1429/arm-gnu-toolchain/bin/../lib/gcc/arm-none-eabi/4.8.3/armv6-m\libgcc.a(_divdi3.o)
 .debug_frame   0x00000b3c       0x3c c:/program files (x86)/atmel/atmel toolchain/arm gcc/native/4.8.1429/arm-gnu-toolchain/bin/../lib/gcc/arm-none-eabi/4.8.3/armv6-m\libgcc.a(_udivdi3.o)
 .debug_frame   0x00000b78       0x2c c:/program files (x86)/atmel/atmel toolchain/arm gcc/native/4.8.1429/arm-gnu-toolchain/bin/../lib/gcc/arm-none-eabi/4.8.3/../../../../arm-none-eabi/lib/armv6-m\libc.a(lib_a-init.o)
 .debug_frame   0x00000ba4       0x28 c:/program files (x86)/atmel/atmel toolchain/arm gcc/native/4.8.1429/arm-gnu-toolchain/bin/../lib/gcc/arm-none-eabi/4.8.3/../../../../arm-none-eabi/lib/armv6-m\libc.a(lib_a-memcpy-stub.o)
 .debug_frame   0x00000bcc       0x48 c:/program files (x86)/atmel/atmel toolchain/arm gcc/native/4.8.1429/arm-gnu-toolchain/bin/../lib/gcc/arm-none-eabi/4.8.3/../../../../arm-none-eabi/lib/armv6-m\libc.a(lib_a-__call_atexit.o)
 .debug_frame   0x00000c14       0x28 c:/program files (x86)/atmel/atmel toolchain/arm gcc/native/4.8.1429/arm-gnu-toolchain/bin/../lib/gcc/arm-none-eabi/4.8.3/../../../../arm-none-eabi/lib/armv6-m\libc.a(lib_a-atexit.o)
 .debug_frame   0x00000c3c       0x2c c:/program files (x86)/atmel/atmel toolchain/arm gcc/native/4.8.1429/arm-gnu-toolchain/bin/../lib/gcc/arm-none-eabi/4.8.3/../../../../arm-none-eabi/lib/armv6-m\libc.a(lib_a-fini.o)
 .debug_frame   0x00000c68       0x34 c:/program files (x86)/atmel/atmel toolchain/arm gcc/native/4.8.1429/arm-gnu-toolchain/bin/../lib/gcc/arm-none-eabi/4.8.3/../../../../arm-none-eabi/lib/armv6-m\libc.a(lib_a-__atexit.o)

Cross Reference Table

Symbol                                            File
AC_Handler                                        src/ASF/sam0/utils/cmsis/samd21/source/gcc/startup_samd21.o
ADC_Handler                                       src/ASF/sam0/utils/cmsis/samd21/source/gcc/startup_samd21.o
DAC_Handler                                       src/ASF/sam0/utils/cmsis/samd21/source/gcc/startup_samd21.o
DMAC_Handler                                      src/ASF/sam0/utils/cmsis/samd21/source/gcc/startup_samd21.o
Dummy_Handler                                     src/ASF/sam0/utils/cmsis/samd21/source/gcc/startup_samd21.o
EIC_Handler                                       src/ASF/sam0/utils/cmsis/samd21/source/gcc/startup_samd21.o
EVSYS_Handler                                     src/ASF/sam0/utils/cmsis/samd21/source/gcc/startup_samd21.o
HardFault_Handler                                 src/ASF/sam0/utils/cmsis/samd21/source/gcc/startup_samd21.o
I2S_Handler                                       src/ASF/sam0/utils/cmsis/samd21/source/gcc/startup_samd21.o
NMI_Handler                                       src/ASF/sam0/utils/cmsis/samd21/source/gcc/startup_samd21.o
NVMCTRL_Handler                                   src/ASF/sam0/utils/cmsis/samd21/source/gcc/startup_samd21.o
PM_Handler                                        src/ASF/sam0/utils/cmsis/samd21/source/gcc/startup_samd21.o
PTC_Handler                                       src/ASF/sam0/utils/cmsis/samd21/source/gcc/startup_samd21.o
PendSV_Handler                                    src/ASF/sam0/utils/cmsis/samd21/source/gcc/startup_samd21.o
RTC_Handler                                       src/ASF/sam0/utils/cmsis/samd21/source/gcc/startup_samd21.o
Reset_Handler                                     src/ASF/sam0/utils/cmsis/samd21/source/gcc/startup_samd21.o
SERCOM0_Handler                                   src/ASF/sam0/drivers/sercom/sercom_interrupt.o
SERCOM1_Handler                                   src/ASF/sam0/drivers/sercom/sercom_interrupt.o
SERCOM2_Handler                                   src/ASF/sam0/drivers/sercom/sercom_interrupt.o
SERCOM3_Handler                                   src/ASF/sam0/drivers/sercom/sercom_interrupt.o
SERCOM4_Handler                                   src/ASF/sam0/drivers/sercom/sercom_interrupt.o
SERCOM5_Handler                                   src/ASF/sam0/drivers/sercom/sercom_interrupt.o
SVC_Handler                                       src/ASF/sam0/utils/cmsis/samd21/source/gcc/startup_samd21.o
SYSCTRL_Handler                                   src/ASF/sam0/utils/cmsis/samd21/source/gcc/startup_samd21.o
SysTick_Handler                                   src/ASF/sam0/utils/cmsis/samd21/source/gcc/startup_samd21.o
SystemCoreClock                                   src/ASF/sam0/utils/cmsis/samd21/source/system_samd21.o
SystemCoreClockUpdate                             src/ASF/sam0/utils/cmsis/samd21/source/system_samd21.o
SystemInit                                        src/ASF/sam0/utils/cmsis/samd21/source/system_samd21.o
TC3_Handler                                       src/ASF/sam0/utils/cmsis/samd21/source/gcc/startup_samd21.o
TC4_Handler                                       src/ASF/sam0/utils/cmsis/samd21/source/gcc/startup_samd21.o
TC5_Handler                                       src/ASF/sam0/utils/cmsis/samd21/source/gcc/startup_samd21.o
TC6_Handler                                       src/ASF/sam0/utils/cmsis/samd21/source/gcc/startup_samd21.o
TC7_Handler                                       src/ASF/sam0/utils/cmsis/samd21/source/gcc/startup_samd21.o
TCC0_Handler                                      src/ASF/sam0/utils/cmsis/samd21/source/gcc/startup_samd21.o
TCC1_Handler                                      src/ASF/sam0/utils/cmsis/samd21/source/gcc/startup_samd21.o
TCC2_Handler                                      src/ASF/sam0/utils/cmsis/samd21/source/gcc/startup_samd21.o
USB_Handler                                       src/ASF/sam0/utils/cmsis/samd21/source/gcc/startup_samd21.o
WDT_Handler                                       src/ASF/sam0/utils/cmsis/samd21/source/gcc/startup_samd21.o
_Balloc                                           c:/program files (x86)/atmel/atmel toolchain/arm gcc/native/4.8.1429/arm-gnu-toolchain/bin/../lib/gcc/arm-none-eabi/4.8.3/../../../../arm-none-eabi/lib/armv6-m\libc.a(lib_a-mprec.o)
                                                  c:/program files (x86)/atmel/atmel toolchain/arm gcc/native/4.8.1429/arm-gnu-toolchain/bin/../lib/gcc/arm-none-eabi/4.8.3/../../../../arm-none-eabi/lib/armv6-m\libc.a(lib_a-dtoa.o)
_Bfree                                            c:/program files (x86)/atmel/atmel toolchain/arm gcc/native/4.8.1429/arm-gnu-toolchain/bin/../lib/gcc/arm-none-eabi/4.8.3/../../../../arm-none-eabi/lib/armv6-m\libc.a(lib_a-mprec.o)
                                                  c:/program files (x86)/atmel/atmel toolchain/arm gcc/native/4.8.1429/arm-gnu-toolchain/bin/../lib/gcc/arm-none-eabi/4.8.3/../../../../arm-none-eabi/lib/armv6-m\libc.a(lib_a-dtoa.o)
_ITM_deregisterTMCloneTable                       c:/program files (x86)/atmel/atmel toolchain/arm gcc/native/4.8.1429/arm-gnu-toolchain/bin/../lib/gcc/arm-none-eabi/4.8.3/armv6-m/crtbegin.o
_ITM_registerTMCloneTable                         c:/program files (x86)/atmel/atmel toolchain/arm gcc/native/4.8.1429/arm-gnu-toolchain/bin/../lib/gcc/arm-none-eabi/4.8.3/armv6-m/crtbegin.o
_Jv_RegisterClasses                               c:/program files (x86)/atmel/atmel toolchain/arm gcc/native/4.8.1429/arm-gnu-toolchain/bin/../lib/gcc/arm-none-eabi/4.8.3/armv6-m/crtbegin.o
_PathLocale                                       c:/program files (x86)/atmel/atmel toolchain/arm gcc/native/4.8.1429/arm-gnu-toolchain/bin/../lib/gcc/arm-none-eabi/4.8.3/../../../../arm-none-eabi/lib/armv6-m\libc.a(lib_a-locale.o)
__TMC_END__                                       c:/program files (x86)/atmel/atmel toolchain/arm gcc/native/4.8.1429/arm-gnu-toolchain/bin/../lib/gcc/arm-none-eabi/4.8.3/armv6-m/crtend.o
                                                  c:/program files (x86)/atmel/atmel toolchain/arm gcc/native/4.8.1429/arm-gnu-toolchain/bin/../lib/gcc/arm-none-eabi/4.8.3/armv6-m/crtbegin.o
__aeabi_cdcmpeq                                   c:/program files (x86)/atmel/atmel toolchain/arm gcc/native/4.8.1429/arm-gnu-toolchain/bin/../lib/gcc/arm-none-eabi/4.8.3/armv6-m\libgcc.a(_arm_cmpdf2.o)
__aeabi_cdcmple                                   c:/program files (x86)/atmel/atmel toolchain/arm gcc/native/4.8.1429/arm-gnu-toolchain/bin/../lib/gcc/arm-none-eabi/4.8.3/armv6-m\libgcc.a(_arm_cmpdf2.o)
__aeabi_cdrcmple                                  c:/program files (x86)/atmel/atmel toolchain/arm gcc/native/4.8.1429/arm-gnu-toolchain/bin/../lib/gcc/arm-none-eabi/4.8.3/armv6-m\libgcc.a(_arm_cmpdf2.o)
__aeabi_d2iz                                      c:/program files (x86)/atmel/atmel toolchain/arm gcc/native/4.8.1429/arm-gnu-toolchain/bin/../lib/gcc/arm-none-eabi/4.8.3/armv6-m\libgcc.a(fixdfsi.o)
                                                  c:/program files (x86)/atmel/atmel toolchain/arm gcc/native/4.8.1429/arm-gnu-toolchain/bin/../lib/gcc/arm-none-eabi/4.8.3/../../../../arm-none-eabi/lib/armv6-m\libc.a(lib_a-dtoa.o)
__aeabi_dadd                                      c:/program files (x86)/atmel/atmel toolchain/arm gcc/native/4.8.1429/arm-gnu-toolchain/bin/../lib/gcc/arm-none-eabi/4.8.3/armv6-m\libgcc.a(adddf3.o)
                                                  c:/program files (x86)/atmel/atmel toolchain/arm gcc/native/4.8.1429/arm-gnu-toolchain/bin/../lib/gcc/arm-none-eabi/4.8.3/../../../../arm-none-eabi/lib/armv6-m\libc.a(lib_a-dtoa.o)
__aeabi_dcmpeq                                    c:/program files (x86)/atmel/atmel toolchain/arm gcc/native/4.8.1429/arm-gnu-toolchain/bin/../lib/gcc/arm-none-eabi/4.8.3/armv6-m\libgcc.a(_arm_cmpdf2.o)
                                                  c:/program files (x86)/atmel/atmel toolchain/arm gcc/native/4.8.1429/arm-gnu-toolchain/bin/../lib/gcc/arm-none-eabi/4.8.3/../../../../arm-none-eabi/lib/armv6-m\libc.a(lib_a-dtoa.o)
                                                  c:/program files (x86)/atmel/atmel toolchain/arm gcc/native/4.8.1429/arm-gnu-toolchain/bin/../lib/gcc/arm-none-eabi/4.8.3/../../../../arm-none-eabi/lib/armv6-m\libc.a(lib_a-vfprintf.o)
__aeabi_dcmpge                                    c:/program files (x86)/atmel/atmel toolchain/arm gcc/native/4.8.1429/arm-gnu-toolchain/bin/../lib/gcc/arm-none-eabi/4.8.3/armv6-m\libgcc.a(_arm_cmpdf2.o)
                                                  c:/program files (x86)/atmel/atmel toolchain/arm gcc/native/4.8.1429/arm-gnu-toolchain/bin/../lib/gcc/arm-none-eabi/4.8.3/../../../../arm-none-eabi/lib/armv6-m\libc.a(lib_a-dtoa.o)
__aeabi_dcmpgt                                    c:/program files (x86)/atmel/atmel toolchain/arm gcc/native/4.8.1429/arm-gnu-toolchain/bin/../lib/gcc/arm-none-eabi/4.8.3/armv6-m\libgcc.a(_arm_cmpdf2.o)
                                                  c:/program files (x86)/atmel/atmel toolchain/arm gcc/native/4.8.1429/arm-gnu-toolchain/bin/../lib/gcc/arm-none-eabi/4.8.3/../../../../arm-none-eabi/lib/armv6-m\libc.a(lib_a-dtoa.o)
__aeabi_dcmple                                    c:/program files (x86)/atmel/atmel toolchain/arm gcc/native/4.8.1429/arm-gnu-toolchain/bin/../lib/gcc/arm-none-eabi/4.8.3/armv6-m\libgcc.a(_arm_cmpdf2.o)
__aeabi_dcmplt                                    c:/program files (x86)/atmel/atmel toolchain/arm gcc/native/4.8.1429/arm-gnu-toolchain/bin/../lib/gcc/arm-none-eabi/4.8.3/armv6-m\libgcc.a(_arm_cmpdf2.o)
                                                  c:/program files (x86)/atmel/atmel toolchain/arm gcc/native/4.8.1429/arm-gnu-toolchain/bin/../lib/gcc/arm-none-eabi/4.8.3/../../../../arm-none-eabi/lib/armv6-m\libc.a(lib_a-dtoa.o)
                                                  c:/program files (x86)/atmel/atmel toolchain/arm gcc/native/4.8.1429/arm-gnu-toolchain/bin/../lib/gcc/arm-none-eabi/4.8.3/../../../../arm-none-eabi/lib/armv6-m\libc.a(lib_a-vfprintf.o)
__aeabi_ddiv                                      c:/program files (x86)/atmel/atmel toolchain/arm gcc/native/4.8.1429/arm-gnu-toolchain/bin/../lib/gcc/arm-none-eabi/4.8.3/armv6-m\libgcc.a(divdf3.o)
                                                  c:/program files (x86)/atmel/atmel toolchain/arm gcc/native/4.8.1429/arm-gnu-toolchain/bin/../lib/gcc/arm-none-eabi/4.8.3/../../../../arm-none-eabi/lib/armv6-m\libc.a(lib_a-mprec.o)
                                                  c:/program files (x86)/atmel/atmel toolchain/arm gcc/native/4.8.1429/arm-gnu-toolchain/bin/../lib/gcc/arm-none-eabi/4.8.3/../../../../arm-none-eabi/lib/armv6-m\libc.a(lib_a-dtoa.o)
__aeabi_dmul                                      c:/program files (x86)/atmel/atmel toolchain/arm gcc/native/4.8.1429/arm-gnu-toolchain/bin/../lib/gcc/arm-none-eabi/4.8.3/armv6-m\libgcc.a(muldf3.o)
                                                  c:/program files (x86)/atmel/atmel toolchain/arm gcc/native/4.8.1429/arm-gnu-toolchain/bin/../lib/gcc/arm-none-eabi/4.8.3/../../../../arm-none-eabi/lib/armv6-m\libc.a(lib_a-mprec.o)
                                                  c:/program files (x86)/atmel/atmel toolchain/arm gcc/native/4.8.1429/arm-gnu-toolchain/bin/../lib/gcc/arm-none-eabi/4.8.3/../../../../arm-none-eabi/lib/armv6-m\libc.a(lib_a-dtoa.o)
__aeabi_dsub                                      c:/program files (x86)/atmel/atmel toolchain/arm gcc/native/4.8.1429/arm-gnu-toolchain/bin/../lib/gcc/arm-none-eabi/4.8.3/armv6-m\libgcc.a(subdf3.o)
                                                  c:/program files (x86)/atmel/atmel toolchain/arm gcc/native/4.8.1429/arm-gnu-toolchain/bin/../lib/gcc/arm-none-eabi/4.8.3/../../../../arm-none-eabi/lib/armv6-m\libc.a(lib_a-dtoa.o)
__aeabi_i2d                                       c:/program files (x86)/atmel/atmel toolchain/arm gcc/native/4.8.1429/arm-gnu-toolchain/bin/../lib/gcc/arm-none-eabi/4.8.3/armv6-m\libgcc.a(floatsidf.o)
                                                  c:/program files (x86)/atmel/atmel toolchain/arm gcc/native/4.8.1429/arm-gnu-toolchain/bin/../lib/gcc/arm-none-eabi/4.8.3/../../../../arm-none-eabi/lib/armv6-m\libc.a(lib_a-dtoa.o)
__aeabi_idiv                                      c:/program files (x86)/atmel/atmel toolchain/arm gcc/native/4.8.1429/arm-gnu-toolchain/bin/../lib/gcc/arm-none-eabi/4.8.3/armv6-m\libgcc.a(_divsi3.o)
                                                  c:/program files (x86)/atmel/atmel toolchain/arm gcc/native/4.8.1429/arm-gnu-toolchain/bin/../lib/gcc/arm-none-eabi/4.8.3/../../../../arm-none-eabi/lib/armv6-m\libc.a(lib_a-fvwrite.o)
                                                  c:/program files (x86)/atmel/atmel toolchain/arm gcc/native/4.8.1429/arm-gnu-toolchain/bin/../lib/gcc/arm-none-eabi/4.8.3/../../../../arm-none-eabi/lib/armv6-m\libc.a(lib_a-mprec.o)
                                                  c:/program files (x86)/atmel/atmel toolchain/arm gcc/native/4.8.1429/arm-gnu-toolchain/bin/../lib/gcc/arm-none-eabi/4.8.3/../../../../arm-none-eabi/lib/armv6-m\libc.a(lib_a-vfprintf.o)
__aeabi_idiv0                                     c:/program files (x86)/atmel/atmel toolchain/arm gcc/native/4.8.1429/arm-gnu-toolchain/bin/../lib/gcc/arm-none-eabi/4.8.3/armv6-m\libgcc.a(_dvmd_tls.o)
                                                  c:/program files (x86)/atmel/atmel toolchain/arm gcc/native/4.8.1429/arm-gnu-toolchain/bin/../lib/gcc/arm-none-eabi/4.8.3/armv6-m\libgcc.a(_divsi3.o)
                                                  c:/program files (x86)/atmel/atmel toolchain/arm gcc/native/4.8.1429/arm-gnu-toolchain/bin/../lib/gcc/arm-none-eabi/4.8.3/armv6-m\libgcc.a(_udivsi3.o)
__aeabi_idivmod                                   c:/program files (x86)/atmel/atmel toolchain/arm gcc/native/4.8.1429/arm-gnu-toolchain/bin/../lib/gcc/arm-none-eabi/4.8.3/armv6-m\libgcc.a(_divsi3.o)
                                                  c:/program files (x86)/atmel/atmel toolchain/arm gcc/native/4.8.1429/arm-gnu-toolchain/bin/../lib/gcc/arm-none-eabi/4.8.3/../../../../arm-none-eabi/lib/armv6-m\libc.a(lib_a-vfprintf.o)
__aeabi_ldiv0                                     c:/program files (x86)/atmel/atmel toolchain/arm gcc/native/4.8.1429/arm-gnu-toolchain/bin/../lib/gcc/arm-none-eabi/4.8.3/armv6-m\libgcc.a(_dvmd_tls.o)
                                                  c:/program files (x86)/atmel/atmel toolchain/arm gcc/native/4.8.1429/arm-gnu-toolchain/bin/../lib/gcc/arm-none-eabi/4.8.3/armv6-m\libgcc.a(_aeabi_uldivmod.o)
__aeabi_lmul                                      c:/program files (x86)/atmel/atmel toolchain/arm gcc/native/4.8.1429/arm-gnu-toolchain/bin/../lib/gcc/arm-none-eabi/4.8.3/armv6-m\libgcc.a(_muldi3.o)
                                                  c:/program files (x86)/atmel/atmel toolchain/arm gcc/native/4.8.1429/arm-gnu-toolchain/bin/../lib/gcc/arm-none-eabi/4.8.3/armv6-m\libgcc.a(bpabi.o)
                                                  src/main.o
                                                  src/ASF/sam0/drivers/sercom/sercom.o
__aeabi_ui2d                                      c:/program files (x86)/atmel/atmel toolchain/arm gcc/native/4.8.1429/arm-gnu-toolchain/bin/../lib/gcc/arm-none-eabi/4.8.3/armv6-m\libgcc.a(floatunsidf.o)
                                                  c:/program files (x86)/atmel/atmel toolchain/arm gcc/native/4.8.1429/arm-gnu-toolchain/bin/../lib/gcc/arm-none-eabi/4.8.3/../../../../arm-none-eabi/lib/armv6-m\libc.a(lib_a-dtoa.o)
__aeabi_uidiv                                     c:/program files (x86)/atmel/atmel toolchain/arm gcc/native/4.8.1429/arm-gnu-toolchain/bin/../lib/gcc/arm-none-eabi/4.8.3/armv6-m\libgcc.a(_udivsi3.o)
                                                  c:/program files (x86)/atmel/atmel toolchain/arm gcc/native/4.8.1429/arm-gnu-toolchain/bin/../lib/gcc/arm-none-eabi/4.8.3/armv6-m\libgcc.a(divdf3.o)
                                                  c:/program files (x86)/atmel/atmel toolchain/arm gcc/native/4.8.1429/arm-gnu-toolchain/bin/../lib/gcc/arm-none-eabi/4.8.3/../../../../arm-none-eabi/lib/armv6-m\libc.a(lib_a-dtoa.o)
                                                  c:/program files (x86)/atmel/atmel toolchain/arm gcc/native/4.8.1429/arm-gnu-toolchain/bin/../lib/gcc/arm-none-eabi/4.8.3/armv6-m\libgcc.a(_udivdi3.o)
                                                  c:/program files (x86)/atmel/atmel toolchain/arm gcc/native/4.8.1429/arm-gnu-toolchain/bin/../lib/gcc/arm-none-eabi/4.8.3/armv6-m\libgcc.a(_divdi3.o)
                                                  src/ASF/sam0/drivers/system/clock/clock_samd21_r21/gclk.o
                                                  src/ASF/sam0/drivers/system/clock/clock_samd21_r21/clock.o
                                                  src/ASF/sam0/drivers/sercom/sercom.o
__aeabi_uidivmod                                  c:/program files (x86)/atmel/atmel toolchain/arm gcc/native/4.8.1429/arm-gnu-toolchain/bin/../lib/gcc/arm-none-eabi/4.8.3/armv6-m\libgcc.a(_udivsi3.o)
                                                  c:/program files (x86)/atmel/atmel toolchain/arm gcc/native/4.8.1429/arm-gnu-toolchain/bin/../lib/gcc/arm-none-eabi/4.8.3/armv6-m\libgcc.a(divdf3.o)
                                                  c:/program files (x86)/atmel/atmel toolchain/arm gcc/native/4.8.1429/arm-gnu-toolchain/bin/../lib/gcc/arm-none-eabi/4.8.3/armv6-m\libgcc.a(_udivdi3.o)
                                                  c:/program files (x86)/atmel/atmel toolchain/arm gcc/native/4.8.1429/arm-gnu-toolchain/bin/../lib/gcc/arm-none-eabi/4.8.3/armv6-m\libgcc.a(_divdi3.o)
__aeabi_uldivmod                                  c:/program files (x86)/atmel/atmel toolchain/arm gcc/native/4.8.1429/arm-gnu-toolchain/bin/../lib/gcc/arm-none-eabi/4.8.3/armv6-m\libgcc.a(_aeabi_uldivmod.o)
                                                  c:/program files (x86)/atmel/atmel toolchain/arm gcc/native/4.8.1429/arm-gnu-toolchain/bin/../lib/gcc/arm-none-eabi/4.8.3/../../../../arm-none-eabi/lib/armv6-m\libc.a(lib_a-vfiprintf.o)
                                                  c:/program files (x86)/atmel/atmel toolchain/arm gcc/native/4.8.1429/arm-gnu-toolchain/bin/../lib/gcc/arm-none-eabi/4.8.3/../../../../arm-none-eabi/lib/armv6-m\libc.a(lib_a-vfprintf.o)
                                                  src/main.o
                                                  src/ASF/sam0/drivers/sercom/sercom.o
__any_on                                          c:/program files (x86)/atmel/atmel toolchain/arm gcc/native/4.8.1429/arm-gnu-toolchain/bin/../lib/gcc/arm-none-eabi/4.8.3/../../../../arm-none-eabi/lib/armv6-m\libc.a(lib_a-mprec.o)
__ascii_wctomb                                    c:/program files (x86)/atmel/atmel toolchain/arm gcc/native/4.8.1429/arm-gnu-toolchain/bin/../lib/gcc/arm-none-eabi/4.8.3/../../../../arm-none-eabi/lib/armv6-m\libc.a(lib_a-wctomb_r.o)
__b2d                                             c:/program files (x86)/atmel/atmel toolchain/arm gcc/native/4.8.1429/arm-gnu-toolchain/bin/../lib/gcc/arm-none-eabi/4.8.3/../../../../arm-none-eabi/lib/armv6-m\libc.a(lib_a-mprec.o)
__bss_end__                                       c:/program files (x86)/atmel/atmel toolchain/arm gcc/native/4.8.1429/arm-gnu-toolchain/bin/../lib/gcc/arm-none-eabi/4.8.3/../../../../arm-none-eabi/lib/armv6-m/crt0.o
__bss_start__                                     c:/program files (x86)/atmel/atmel toolchain/arm gcc/native/4.8.1429/arm-gnu-toolchain/bin/../lib/gcc/arm-none-eabi/4.8.3/../../../../arm-none-eabi/lib/armv6-m/crt0.o
__call_exitprocs                                  c:/program files (x86)/atmel/atmel toolchain/arm gcc/native/4.8.1429/arm-gnu-toolchain/bin/../lib/gcc/arm-none-eabi/4.8.3/../../../../arm-none-eabi/lib/armv6-m\libc.a(lib_a-__call_atexit.o)
                                                  c:/program files (x86)/atmel/atmel toolchain/arm gcc/native/4.8.1429/arm-gnu-toolchain/bin/../lib/gcc/arm-none-eabi/4.8.3/../../../../arm-none-eabi/lib/armv6-m\libc.a(lib_a-exit.o)
__clzsi2                                          c:/program files (x86)/atmel/atmel toolchain/arm gcc/native/4.8.1429/arm-gnu-toolchain/bin/../lib/gcc/arm-none-eabi/4.8.3/armv6-m\libgcc.a(_clzsi2.o)
                                                  c:/program files (x86)/atmel/atmel toolchain/arm gcc/native/4.8.1429/arm-gnu-toolchain/bin/../lib/gcc/arm-none-eabi/4.8.3/armv6-m\libgcc.a(floatunsidf.o)
                                                  c:/program files (x86)/atmel/atmel toolchain/arm gcc/native/4.8.1429/arm-gnu-toolchain/bin/../lib/gcc/arm-none-eabi/4.8.3/armv6-m\libgcc.a(floatsidf.o)
                                                  c:/program files (x86)/atmel/atmel toolchain/arm gcc/native/4.8.1429/arm-gnu-toolchain/bin/../lib/gcc/arm-none-eabi/4.8.3/armv6-m\libgcc.a(subdf3.o)
                                                  c:/program files (x86)/atmel/atmel toolchain/arm gcc/native/4.8.1429/arm-gnu-toolchain/bin/../lib/gcc/arm-none-eabi/4.8.3/armv6-m\libgcc.a(muldf3.o)
                                                  c:/program files (x86)/atmel/atmel toolchain/arm gcc/native/4.8.1429/arm-gnu-toolchain/bin/../lib/gcc/arm-none-eabi/4.8.3/armv6-m\libgcc.a(divdf3.o)
                                                  c:/program files (x86)/atmel/atmel toolchain/arm gcc/native/4.8.1429/arm-gnu-toolchain/bin/../lib/gcc/arm-none-eabi/4.8.3/armv6-m\libgcc.a(adddf3.o)
                                                  c:/program files (x86)/atmel/atmel toolchain/arm gcc/native/4.8.1429/arm-gnu-toolchain/bin/../lib/gcc/arm-none-eabi/4.8.3/armv6-m\libgcc.a(_udivdi3.o)